Archive member included to satisfy reference by file (symbol)

/opt/devkitpro/libnds/lib/libnds9.a(video.o)
                              graficos.o (vramSetMainBanks)
/opt/devkitpro/libnds/lib/libnds9.a(touch.o)
                              perifericos.o (touchRead)
/opt/devkitpro/libnds/lib/libnds9.a(sprite_alloc.o)
                              sprites.o (oamAllocateGfx)
/opt/devkitpro/libnds/lib/libnds9.a(system.o)
                              graficos.o (powerOn)
/opt/devkitpro/libnds/lib/libnds9.a(console.o)
                              graficos.o (consoleDemoInit)
/opt/devkitpro/libnds/lib/libnds9.a(sprite.o)
                              graficos.o (oamInit)
/opt/devkitpro/libnds/lib/libnds9.a(initSystem.o)
                              /opt/devkitpro/devkitARM/bin/../lib/gcc/arm-none-eabi/12.1.0/../../../../arm-none-eabi/lib/thumb/ds_arm9_crt0.o (initSystem)
/opt/devkitpro/libnds/lib/libnds9.a(securearea.o)
                              /opt/devkitpro/devkitARM/bin/../lib/gcc/arm-none-eabi/12.1.0/../../../../arm-none-eabi/lib/thumb/ds_arm9_crt0.o (__secure_area__)
/opt/devkitpro/libnds/lib/libnds9.a(interrupts.o)
                              rutinasAtencion.o (irqSet)
/opt/devkitpro/libnds/lib/libnds9.a(libnds_exit.arm.o)
                              /opt/devkitpro/devkitARM/bin/../lib/gcc/arm-none-eabi/12.1.0/../../../../arm-none-eabi/lib/thumb/ds_arm9_crt0.o (__libnds_exit)
/opt/devkitpro/libnds/lib/libnds9.a(fifosystem.o)
                              /opt/devkitpro/libnds/lib/libnds9.a(initSystem.o) (fifoSetValue32Handler)
/opt/devkitpro/libnds/lib/libnds9.a(dcache.o)
                              /opt/devkitpro/libnds/lib/libnds9.a(sprite.o) (DC_FlushRange)
/opt/devkitpro/libnds/lib/libnds9.a(mpu_setup.o)
                              /opt/devkitpro/devkitARM/bin/../lib/gcc/arm-none-eabi/12.1.0/../../../../arm-none-eabi/lib/thumb/ds_arm9_crt0.o (__libnds_mpu_setup)
/opt/devkitpro/libnds/lib/libnds9.a(IntrWait.o)
                              /opt/devkitpro/libnds/lib/libnds9.a(sprite.o) (swiWaitForVBlank)
/opt/devkitpro/libnds/lib/libnds9.a(cpu_clock.o)
                              /opt/devkitpro/libnds/lib/libnds9.a(initSystem.o) (setCpuClock)
/opt/devkitpro/libnds/lib/libnds9.a(interruptDispatcher.o)
                              /opt/devkitpro/libnds/lib/libnds9.a(interrupts.o) (IntrMain)
/opt/devkitpro/libnds/lib/libnds9.a(biosCalls.o)
                              /opt/devkitpro/libnds/lib/libnds9.a(system.o) (swiDelay)
/opt/devkitpro/libnds/lib/libnds9.a(debugprint.o)
                              /opt/devkitpro/libnds/lib/libnds9.a(console.o) (nocashWrite)
/opt/devkitpro/libnds/lib/libnds9.a(swiSoftReset.o)
                              /opt/devkitpro/libnds/lib/libnds9.a(fifosystem.o) (swiSoftReset)
/opt/devkitpro/libnds/lib/libnds9.a(default_font.bin.o)
                              /opt/devkitpro/libnds/lib/libnds9.a(console.o) (default_font_bin)
/opt/devkitpro/libnds/lib/libnds9.a(background.o)
                              /opt/devkitpro/libnds/lib/libnds9.a(console.o) (bgState)
/opt/devkitpro/libnds/lib/libnds9.a(trig.o)
                              /opt/devkitpro/libnds/lib/libnds9.a(sprite.o) (sinLerp)
/opt/devkitpro/devkitARM/bin/../lib/gcc/arm-none-eabi/12.1.0/thumb/libgcc.a(_divsi3.o)
                              juego.o (__aeabi_idivmod)
/opt/devkitpro/devkitARM/bin/../lib/gcc/arm-none-eabi/12.1.0/thumb/libgcc.a(_dvmd_tls.o)
                              /opt/devkitpro/devkitARM/bin/../lib/gcc/arm-none-eabi/12.1.0/thumb/libgcc.a(_divsi3.o) (__aeabi_idiv0)
/opt/devkitpro/devkitARM/bin/../lib/gcc/arm-none-eabi/12.1.0/../../../../arm-none-eabi/lib/thumb/libg.a(lib_a-bsearch.o)
                              /opt/devkitpro/libnds/lib/libnds9.a(trig.o) (bsearch)
/opt/devkitpro/devkitARM/bin/../lib/gcc/arm-none-eabi/12.1.0/../../../../arm-none-eabi/lib/thumb/libg.a(lib_a-init.o)
                              /opt/devkitpro/devkitARM/bin/../lib/gcc/arm-none-eabi/12.1.0/../../../../arm-none-eabi/lib/thumb/ds_arm9_crt0.o (__libc_init_array)
/opt/devkitpro/devkitARM/bin/../lib/gcc/arm-none-eabi/12.1.0/../../../../arm-none-eabi/lib/thumb/libg.a(lib_a-iprintf.o)
                              juego.o (iprintf)
/opt/devkitpro/devkitARM/bin/../lib/gcc/arm-none-eabi/12.1.0/../../../../arm-none-eabi/lib/thumb/libg.a(lib_a-malloc.o)
                              /opt/devkitpro/libnds/lib/libnds9.a(sprite_alloc.o) (malloc)
/opt/devkitpro/devkitARM/bin/../lib/gcc/arm-none-eabi/12.1.0/../../../../arm-none-eabi/lib/thumb/libg.a(lib_a-mallocr.o)
                              /opt/devkitpro/devkitARM/bin/../lib/gcc/arm-none-eabi/12.1.0/../../../../arm-none-eabi/lib/thumb/libg.a(lib_a-malloc.o) (_malloc_r)
/opt/devkitpro/devkitARM/bin/../lib/gcc/arm-none-eabi/12.1.0/../../../../arm-none-eabi/lib/thumb/libg.a(lib_a-memcpy-stub.o)
                              /opt/devkitpro/libnds/lib/libnds9.a(console.o) (memcpy)
[...]
Memory Configuration

Name             Origin             Length             Attributes
ewram            0x0000000002000000 0x0000000000380000
dtcm             0x0000000002ff0000 0x0000000000004000
vectors          0x0000000001000000 0x0000000000000100
itcm             0x0000000001000100 0x0000000000007f00
*default*        0x0000000000000000 0xffffffffffffffff

Linker script and memory map

                0x0000000002380000                __ewram_end = (ORIGIN (ewram) + LENGTH (ewram))
                0x0000000002380000                __eheap_end = (ORIGIN (ewram) + LENGTH (ewram))
                0x0000000002ff4000                __dtcm_top = (ORIGIN (dtcm) + LENGTH (dtcm))
                0x0000000002ff3ff8                __irq_flags = (__dtcm_top - 0x8)
                0x0000000002ff3ffc                __irq_vector = (__dtcm_top - 0x4)
                0x0000000002ff3f00                __sp_svc = (__dtcm_top - 0x100)
                0x0000000002ff3e00                __sp_irq = (__sp_svc - 0x100)
                0x0000000002ff3d00                __sp_usr = (__sp_irq - 0x100)

.secure         0x0000000002000000      0x800
 *(.secure)
 .secure        0x0000000002000000      0x800 /opt/devkitpro/libnds/lib/libnds9.a(securearea.o)
                0x0000000002000000                __secure_area__

.crt0           0x0000000002000800      0x300
                0x0000000002000800                __text_start = .
 *(.crt0)
 .crt0          0x0000000002000800      0x300 /opt/devkitpro/devkitARM/bin/../lib/gcc/arm-none-eabi/12.1.0/../../../../arm-none-eabi/lib/thumb/ds_arm9_crt0.o
                0x0000000002000800                _start
                0x0000000002000b00                . = ALIGN (0x4)

.plt
 *(.plt)

.init           0x0000000002000b00        0xc
 *(SORT_NONE(.init))
 .init          0x0000000002000b00        0x4 /opt/devkitpro/devkitARM/bin/../lib/gcc/arm-none-eabi/12.1.0/thumb/crti.o
                0x0000000002000b00                _init
 .init          0x0000000002000b04        0x8 /opt/devkitpro/devkitARM/bin/../lib/gcc/arm-none-eabi/12.1.0/thumb/crtn.o

.text           0x0000000002000b10     0xc588
 *(EXCLUDE_FILE(*.twl* *.vectors* *.itcm*) .text)
 .text          0x0000000002000b10      0x210 graficos.o
                0x0000000002000b10                inicializarVideo
                0x0000000002000b50                inicializarFondos
                0x0000000002000c1c                inicializarGraficos
                0x0000000002000c78                initSpriteMem
                0x0000000002000c98                inicializarGraficosSprites
 .text          0x0000000002000d20     0x1858 sprites.o
                0x0000000002000d20                memoriaReserva
                0x0000000002000eb0                EstablecerPaletaPrincipal
                0x0000000002000f8c                GuardarSpritesMemoria
                0x0000000002001310                MostrarRombo
                0x000000000200135c                MostrarBalon1
                0x00000000020013a8                MostrarBalon2
                0x00000000020013f4                MostrarFlecha
                0x0000000002001440                MostrarSM
                0x000000000200148c                BorrarSM
                0x00000000020014d8                MostrarSMB
                0x0000000002001524                BorrarSMB
                0x0000000002001570                BorrarRombo
                0x00000000020015bc                BorrarBalon1
                0x0000000002001608                BorrarBalon2
                0x0000000002001654                BorrarFlecha
                0x00000000020016a0                MostrarInfo
                0x00000000020016ec                BorrarInfo
                0x0000000002001738                MostrarBalonJuego
                0x0000000002001784                BorrarBalonJuego
                0x00000000020017d0                MostrarRomboGrande
                0x000000000200181c                BorrarRomboGrande
                0x0000000002001868                MostrarAxel
                0x00000000020018b4                BorrarAxel
                0x0000000002001900                MostrarAxelBlack
                0x000000000200194c                BorrarAxelBlack
                0x0000000002001998                MostrarAxelB
                0x00000000020019e4                BorrarAxelB
                0x0000000002001a30                MostrarAxelBL
                0x0000000002001a7c                BorrarAxelBL
                0x0000000002001ac8                MostrarAxelBR
                0x0000000002001b14                BorrarAxelBR
                0x0000000002001b60                MostrarXavier
                0x0000000002001bac                BorrarXavier
                0x0000000002001bf8                MostrarXavierBlack
                0x0000000002001c44                BorrarXavierBlack
                0x0000000002001c90                MostrarXavierB
                0x0000000002001cdc                BorrarXavierB
                0x0000000002001d28                MostrarXavierBL
                0x0000000002001d74                BorrarXavierBL
                0x0000000002001dc0                MostrarXavierBR
                0x0000000002001e0c                BorrarXavierBR
                0x0000000002001e58                MostrarShawn
                0x0000000002001ea4                BorrarShawn
                0x0000000002001ef0                MostrarShawnBlack
                0x0000000002001f3c                BorrarShawnBlack
                0x0000000002001f88                MostrarShawnB
                0x0000000002001fd4                BorrarShawnB
                0x0000000002002020                MostrarShawnBL
                0x000000000200206c                BorrarShawnBL
                0x00000000020020b8                MostrarShawnBR
                0x0000000002002104                BorrarShawnBR
                0x0000000002002150                MostrarMark
                0x000000000200219c                BorrarMark
                0x00000000020021e8                MostrarMarkL
                0x0000000002002234                BorrarMarkL
                0x0000000002002280                MostrarMarkR
                0x00000000020022cc                BorrarMarkR
                0x0000000002002318                MostrarMarkU
                0x0000000002002364                BorrarMarkU
                0x00000000020023b0                MostrarMarkD
                0x00000000020023fc                BorrarMarkD
                0x0000000002002448                MostrarMarkLD
                0x0000000002002494                BorrarMarkLD
                0x00000000020024e0                MostrarMarkRD
                0x000000000200252c                BorrarMarkRD
 .text          0x0000000002002578      0x174 perifericos.o
                0x0000000002002578                TeclaDetectada
                0x000000000200258c                TeclaPulsada
                0x00000000020025f8                ConfigurarTeclado
                0x000000000200260c                ConfigurarTemporizador
                0x000000000200262c                HabilitarIntTeclado
                0x000000000200264c                InhibirIntTeclado
                0x0000000002002670                HabilitarIntTempo
                0x0000000002002690                InhibirIntTempo
                0x00000000020026b0                PonerEnMarchaTempo
                0x00000000020026c0                PararTempo
                0x00000000020026d0                TactilTocada
 .text          0x00000000020026ec      0xb70 juego.o
                0x000000000200299c                juego
 .text          0x000000000200325c      0x4d4 rutinasAtencion.o
                0x000000000200325c                RutAtencionTeclado
                0x00000000020033f4                RutAtencionTempo
                0x0000000002003710                EstablecerVectorInt
 .text          0x0000000002003730      0x300 fondos.o
                0x0000000002003730                visualizarPuerta
                0x0000000002003760                visualizarPuertaAbierta
                0x0000000002003790                visualizarCampo
                0x00000000020037c0                visualizarPausa
                0x00000000020037f0                visualizarIntro2
                0x0000000002003820                visualizarMenu
                0x0000000002003850                visualizarSeleccion
                0x0000000002003880                visualizarInfo
                0x00000000020038b0                visualizarGol
                0x00000000020038e0                visualizarParada
                0x0000000002003910                visualizarFueratiempo
                0x0000000002003940                visualizarVictoria
                0x0000000002003970                visualizarHelp1
                0x00000000020039a0                visualizarHelp2
                0x00000000020039d0                visualizarHelp3
                0x0000000002003a00                visualizarDerrota
 .text          0x0000000002003a30      0x150 /opt/devkitpro/devkitARM/bin/../lib/gcc/arm-none-eabi/12.1.0/thumb/libgcc.a(_divsi3.o)
                0x0000000002003a30                __aeabi_idiv
                0x0000000002003a30                __divsi3
                0x0000000002003b60                __aeabi_idivmod
 .text          0x0000000002003b80        0x4 /opt/devkitpro/devkitARM/bin/../lib/gcc/arm-none-eabi/12.1.0/thumb/libgcc.a(_dvmd_tls.o)
                0x0000000002003b80                __aeabi_ldiv0
                0x0000000002003b80                __aeabi_idiv0
 .text          0x0000000002003b84      0x224 /opt/devkitpro/devkitARM/bin/../lib/gcc/arm-none-eabi/12.1.0/../../../../arm-none-eabi/lib/thumb/libg.a(lib_a-strcmp.o)
                0x0000000002003b84                strcmp
 .text          0x0000000002003da8       0x14 /opt/devkitpro/devkitARM/bin/../lib/gcc/arm-none-eabi/12.1.0/thumb/libgcc.a(_thumb1_case_uqi.o)
                0x0000000002003da8                __gnu_thumb1_case_uqi
 .text          0x0000000002003dbc       0x14 /opt/devkitpro/devkitARM/bin/../lib/gcc/arm-none-eabi/12.1.0/thumb/libgcc.a(_thumb1_case_uhi.o)
                0x0000000002003dbc                __gnu_thumb1_case_uhi
 .text          0x0000000002003dd0      0x11c /opt/devkitpro/devkitARM/bin/../lib/gcc/arm-none-eabi/12.1.0/thumb/libgcc.a(_udivsi3.o)
                0x0000000002003dd0                __udivsi3
                0x0000000002003dd0                __aeabi_uidiv
                0x0000000002003ecc                __aeabi_uidivmod
 .text          0x0000000002003eec       0x3c /opt/devkitpro/devkitARM/bin/../lib/gcc/arm-none-eabi/12.1.0/thumb/libgcc.a(_aeabi_uldivmod.o)
                0x0000000002003eec                __aeabi_uldivmod
 .text          0x0000000002003f28       0x28 /opt/devkitpro/devkitARM/bin/../lib/gcc/arm-none-eabi/12.1.0/thumb/libgcc.a(_clzdi2.o)
                0x0000000002003f28                __clzdi2
 .text          0x0000000002003f50       0x48 /opt/devkitpro/devkitARM/bin/../lib/gcc/arm-none-eabi/12.1.0/thumb/libgcc.a(_clzsi2.o)
                0x0000000002003f50                __clzsi2
 *(EXCLUDE_FILE(*.twl* *.vectors* *.itcm*) .stub)
 *(EXCLUDE_FILE(*.twl* *.vectors* *.itcm*) .text.*)
 .text.__do_global_dtors_aux
                0x0000000002003f98       0x2c /opt/devkitpro/devkitARM/bin/../lib/gcc/arm-none-eabi/12.1.0/thumb/crtbegin.o
 .text.frame_dummy
                0x0000000002003fc4       0x24 /opt/devkitpro/devkitARM/bin/../lib/gcc/arm-none-eabi/12.1.0/thumb/crtbegin.o
 .text.startup  0x0000000002003fe8       0x18 main.o
                0x0000000002003fe8                main
 .text.vramSetMainBanks
                0x0000000002004000       0x44 /opt/devkitpro/libnds/lib/libnds9.a(video.o)
                0x0000000002004000                vramSetMainBanks
 .text.vramDefault
                0x0000000002004044       0xd0 /opt/devkitpro/libnds/lib/libnds9.a(video.o)
                0x0000000002004044                vramDefault
 .text.touchRead
                0x0000000002004114       0x24 /opt/devkitpro/libnds/lib/libnds9.a(touch.o)
                0x0000000002004114                touchRead
 .text.oamAllocReset
                0x0000000002004138       0x1c /opt/devkitpro/libnds/lib/libnds9.a(sprite_alloc.o)
                0x0000000002004138                oamAllocReset
 .text.oamAllocateGfx
                0x0000000002004154      0x50c /opt/devkitpro/libnds/lib/libnds9.a(sprite_alloc.o)
                0x0000000002004154                oamAllocateGfx
 .text.systemValueHandler
                0x0000000002004660       0x48 /opt/devkitpro/libnds/lib/libnds9.a(system.o)
                0x0000000002004660                systemValueHandler
 .text.systemMsgHandler
                0x00000000020046a8       0x60 /opt/devkitpro/libnds/lib/libnds9.a(system.o)
                0x00000000020046a8                systemMsgHandler
 .text.powerOn  0x0000000002004708       0x2c /opt/devkitpro/libnds/lib/libnds9.a(system.o)
                0x0000000002004708                powerOn
 .text.newRow   0x0000000002004734       0xa8 /opt/devkitpro/libnds/lib/libnds9.a(console.o)
 .text.consolePrintChar
                0x00000000020047dc       0xe0 /opt/devkitpro/libnds/lib/libnds9.a(console.o)
                0x00000000020047dc                consolePrintChar
 .text.con_write
                0x00000000020048bc      0x36c /opt/devkitpro/libnds/lib/libnds9.a(console.o)
                0x00000000020048bc                con_write
 .text.consoleLoadFont
                0x0000000002004c28      0x2a0 /opt/devkitpro/libnds/lib/libnds9.a(console.o)
                0x0000000002004c28                consoleLoadFont
 .text.consoleInit
                0x0000000002004ec8      0x18c /opt/devkitpro/libnds/lib/libnds9.a(console.o)
                0x0000000002004ec8                consoleInit
 .text.consoleDemoInit
                0x0000000002005054       0x40 /opt/devkitpro/libnds/lib/libnds9.a(console.o)
                0x0000000002005054                consoleDemoInit
 .text.consoleClear
                0x0000000002005094       0x10 /opt/devkitpro/libnds/lib/libnds9.a(console.o)
                0x0000000002005094                consoleClear
 .text.oamInit  0x00000000020050a4      0x114 /opt/devkitpro/libnds/lib/libnds9.a(sprite.o)
                0x00000000020050a4                oamInit
 .text.oamGetGfxPtr
                0x00000000020051b8       0x38 /opt/devkitpro/libnds/lib/libnds9.a(sprite.o)
                0x00000000020051b8                oamGetGfxPtr
 .text.oamGfxPtrToOffset
                0x00000000020051f0       0x34 /opt/devkitpro/libnds/lib/libnds9.a(sprite.o)
                0x00000000020051f0                oamGfxPtrToOffset
 .text.oamSet   0x0000000002005224      0x104 /opt/devkitpro/libnds/lib/libnds9.a(sprite.o)
                0x0000000002005224                oamSet
 .text.oamUpdate
                0x0000000002005328       0x60 /opt/devkitpro/libnds/lib/libnds9.a(sprite.o)
                0x0000000002005328                oamUpdate
 .text.initSystem
                0x0000000002005388      0x180 /opt/devkitpro/libnds/lib/libnds9.a(initSystem.o)
                0x0000000002005388                initSystem
 .text.irqDummy
                0x0000000002005508        0x4 /opt/devkitpro/libnds/lib/libnds9.a(interrupts.o)
                0x0000000002005508                irqDummy
 .text.irqSet   0x000000000200550c       0x6c /opt/devkitpro/libnds/lib/libnds9.a(interrupts.o)
                0x000000000200550c                irqSet
 .text.irqInit  0x0000000002005578       0x50 /opt/devkitpro/libnds/lib/libnds9.a(interrupts.o)
                0x0000000002005578                irqInit
 .text.irqEnable
                0x00000000020055c8       0x64 /opt/devkitpro/libnds/lib/libnds9.a(interrupts.o)
                0x00000000020055c8                irqEnable
 .text.systemErrorExit
                0x000000000200562c        0x4 /opt/devkitpro/libnds/lib/libnds9.a(libnds_exit.arm.o)
                0x000000000200562c                systemErrorExit
 .text.__libnds_exit
                0x0000000002005630       0x5c /opt/devkitpro/libnds/lib/libnds9.a(libnds_exit.arm.o)
                0x0000000002005630                __libnds_exit
 .text.fifo_queueBlock
                0x000000000200568c       0x44 /opt/devkitpro/libnds/lib/libnds9.a(fifosystem.o)
 .text.fifo_waitBlock
                0x00000000020056d0       0x80 /opt/devkitpro/libnds/lib/libnds9.a(fifosystem.o)
 .text.fifoInternalSend.part.0
                0x0000000002005750       0xd4 /opt/devkitpro/libnds/lib/libnds9.a(fifosystem.o)
 .text.fifoInternalSendInterrupt
                0x0000000002005824       0xb0 /opt/devkitpro/libnds/lib/libnds9.a(fifosystem.o)
 .text.fifoSetValue32Handler
                0x00000000020058d4       0xd4 /opt/devkitpro/libnds/lib/libnds9.a(fifosystem.o)
                0x00000000020058d4                fifoSetValue32Handler
 .text.fifoSendValue32
                0x00000000020059a8       0x4c /opt/devkitpro/libnds/lib/libnds9.a(fifosystem.o)
                0x00000000020059a8                fifoSendValue32
 .text.fifoGetDatamsg
                0x00000000020059f4       0xf4 /opt/devkitpro/libnds/lib/libnds9.a(fifosystem.o)
                0x00000000020059f4                fifoGetDatamsg
 .text.fifoInternalRecvInterrupt
                0x0000000002005ae8      0x37c /opt/devkitpro/libnds/lib/libnds9.a(fifosystem.o)
 .text.fifoSetDatamsgHandler
                0x0000000002005e64       0x9c /opt/devkitpro/libnds/lib/libnds9.a(fifosystem.o)
                0x0000000002005e64                fifoSetDatamsgHandler
 .text.fifoInit
                0x0000000002005f00      0x108 /opt/devkitpro/libnds/lib/libnds9.a(fifosystem.o)
                0x0000000002005f00                fifoInit
 .text.DC_FlushRange
                0x0000000002006008       0x24 /opt/devkitpro/libnds/lib/libnds9.a(dcache.o)
                0x0000000002006008                DC_FlushRange
 .text.__libnds_mpu_setup
                0x000000000200602c      0x174 /opt/devkitpro/libnds/lib/libnds9.a(mpu_setup.o)
                0x000000000200602c                __libnds_mpu_setup
 .text.memUncached
                0x00000000020061a0       0x20 /opt/devkitpro/libnds/lib/libnds9.a(mpu_setup.o)
                0x00000000020061a0                memUncached
 .text.swiWaitForVBlank
                0x00000000020061c0        0x8 /opt/devkitpro/libnds/lib/libnds9.a(IntrWait.o)
                0x00000000020061c0                swiWaitForVBlank
 .text.swiIntrWait
                0x00000000020061c8       0x70 /opt/devkitpro/libnds/lib/libnds9.a(IntrWait.o)
                0x00000000020061c8                swiIntrWait
 .text.setCpuClock
                0x0000000002006238       0x50 /opt/devkitpro/libnds/lib/libnds9.a(cpu_clock.o)
                0x0000000002006238                setCpuClock
 .text.swiDelay
                0x0000000002006288        0x4 /opt/devkitpro/libnds/lib/libnds9.a(biosCalls.o)
                0x0000000002006288                swiDelay
 .text.swiSoftReset
                0x000000000200628c       0x2c /opt/devkitpro/libnds/lib/libnds9.a(swiSoftReset.o)
                0x000000000200628c                swiSoftReset
 .text.checkIfText
                0x00000000020062b8       0x5c /opt/devkitpro/libnds/lib/libnds9.a(background.o)
                0x00000000020062b8                checkIfText
 .text.bgUpdate
                0x0000000002006314       0xf4 /opt/devkitpro/libnds/lib/libnds9.a(background.o)
                0x0000000002006314                bgUpdate
 .text.bgInit_call
                0x0000000002006408       0xc4 /opt/devkitpro/libnds/lib/libnds9.a(background.o)
                0x0000000002006408                bgInit_call
 .text.bgInitSub_call
                0x00000000020064cc       0xcc /opt/devkitpro/libnds/lib/libnds9.a(background.o)
                0x00000000020064cc                bgInitSub_call
 .text.sinLutLookup
                0x0000000002006598       0x4c /opt/devkitpro/libnds/lib/libnds9.a(trig.o)
                0x0000000002006598                sinLutLookup
 .text.sinLerp  0x00000000020065e4       0x40 /opt/devkitpro/libnds/lib/libnds9.a(trig.o)
                0x00000000020065e4                sinLerp
 .text.cosLerp  0x0000000002006624       0x4c /opt/devkitpro/libnds/lib/libnds9.a(trig.o)
                0x0000000002006624                cosLerp
 .text.__libc_init_array
                0x0000000002006670       0x54 /opt/devkitpro/devkitARM/bin/../lib/gcc/arm-none-eabi/12.1.0/../../../../arm-none-eabi/lib/thumb/libg.a(lib_a-init.o)
                0x0000000002006670                __libc_init_array
 .text.iprintf  0x00000000020066c4       0x24 /opt/devkitpro/devkitARM/bin/../lib/gcc/arm-none-eabi/12.1.0/../../../../arm-none-eabi/lib/thumb/libg.a(lib_a-iprintf.o)
                0x00000000020066c4                iprintf
 .text.malloc   0x00000000020066e8       0x14 /opt/devkitpro/devkitARM/bin/../lib/gcc/arm-none-eabi/12.1.0/../../../../arm-none-eabi/lib/thumb/libg.a(lib_a-malloc.o)
                0x00000000020066e8                malloc
 .text.free     0x00000000020066fc       0x14 /opt/devkitpro/devkitARM/bin/../lib/gcc/arm-none-eabi/12.1.0/../../../../arm-none-eabi/lib/thumb/libg.a(lib_a-malloc.o)
                0x00000000020066fc                free
 .text._malloc_r
                0x0000000002006710      0x560 /opt/devkitpro/devkitARM/bin/../lib/gcc/arm-none-eabi/12.1.0/../../../../arm-none-eabi/lib/thumb/libg.a(lib_a-mallocr.o)
                0x0000000002006710                _malloc_r
 .text.memcpy   0x0000000002006c70       0x94 /opt/devkitpro/devkitARM/bin/../lib/gcc/arm-none-eabi/12.1.0/../../../../arm-none-eabi/lib/thumb/libg.a(lib_a-memcpy-stub.o)
                0x0000000002006c70                memcpy
 .text.memset   0x0000000002006d04       0xb0 /opt/devkitpro/devkitARM/bin/../lib/gcc/arm-none-eabi/12.1.0/../../../../arm-none-eabi/lib/thumb/libg.a(lib_a-memset.o)
                0x0000000002006d04                memset
 .text.__malloc_lock
                0x0000000002006db4       0x14 /opt/devkitpro/devkitARM/bin/../lib/gcc/arm-none-eabi/12.1.0/../../../../arm-none-eabi/lib/thumb/libg.a(lib_a-mlock.o)
                0x0000000002006db4                __malloc_lock
 .text.__malloc_unlock
                0x0000000002006dc8       0x14 /opt/devkitpro/devkitARM/bin/../lib/gcc/arm-none-eabi/12.1.0/../../../../arm-none-eabi/lib/thumb/libg.a(lib_a-mlock.o)
                0x0000000002006dc8                __malloc_unlock
 .text.rand     0x0000000002006ddc       0x34 /opt/devkitpro/devkitARM/bin/../lib/gcc/arm-none-eabi/12.1.0/../../../../arm-none-eabi/lib/thumb/libg.a(lib_a-rand.o)
                0x0000000002006ddc                rand
 .text.realloc  0x0000000002006e10       0x18 /opt/devkitpro/devkitARM/bin/../lib/gcc/arm-none-eabi/12.1.0/../../../../arm-none-eabi/lib/thumb/libg.a(lib_a-realloc.o)
                0x0000000002006e10                realloc
 .text._realloc_r
                0x0000000002006e28      0x384 /opt/devkitpro/devkitARM/bin/../lib/gcc/arm-none-eabi/12.1.0/../../../../arm-none-eabi/lib/thumb/libg.a(lib_a-reallocr.o)
                0x0000000002006e28                _realloc_r
 .text.setvbuf  0x00000000020071ac      0x19c /opt/devkitpro/devkitARM/bin/../lib/gcc/arm-none-eabi/12.1.0/../../../../arm-none-eabi/lib/thumb/libg.a(lib_a-setvbuf.o)
                0x00000000020071ac                setvbuf
 .text.siscanf  0x0000000002007348       0x4c /opt/devkitpro/devkitARM/bin/../lib/gcc/arm-none-eabi/12.1.0/../../../../arm-none-eabi/lib/thumb/libg.a(lib_a-siscanf.o)
                0x0000000002007348                siscanf
 .text.__sread  0x0000000002007394       0x34 /opt/devkitpro/devkitARM/bin/../lib/gcc/arm-none-eabi/12.1.0/../../../../arm-none-eabi/lib/thumb/libg.a(lib_a-stdio.o)
                0x0000000002007394                __sread
 .text.__seofread
                0x00000000020073c8        0x4 /opt/devkitpro/devkitARM/bin/../lib/gcc/arm-none-eabi/12.1.0/../../../../arm-none-eabi/lib/thumb/libg.a(lib_a-stdio.o)
                0x00000000020073c8                __seofread
 .text.__swrite
                0x00000000020073cc       0x4c /opt/devkitpro/devkitARM/bin/../lib/gcc/arm-none-eabi/12.1.0/../../../../arm-none-eabi/lib/thumb/libg.a(lib_a-stdio.o)
                0x00000000020073cc                __swrite
 .text.__sseek  0x0000000002007418       0x44 /opt/devkitpro/devkitARM/bin/../lib/gcc/arm-none-eabi/12.1.0/../../../../arm-none-eabi/lib/thumb/libg.a(lib_a-stdio.o)
                0x0000000002007418                __sseek
 .text.__sclose
                0x000000000200745c       0x10 /opt/devkitpro/devkitARM/bin/../lib/gcc/arm-none-eabi/12.1.0/../../../../arm-none-eabi/lib/thumb/libg.a(lib_a-stdio.o)
                0x000000000200745c                __sclose
 .text.strlen   0x000000000200746c       0x60 /opt/devkitpro/devkitARM/bin/../lib/gcc/arm-none-eabi/12.1.0/../../../../arm-none-eabi/lib/thumb/libg.a(lib_a-strlen-stub.o)
                0x000000000200746c                strlen
 .text.get_arg  0x00000000020074cc       0x32 /opt/devkitpro/devkitARM/bin/../lib/gcc/arm-none-eabi/12.1.0/../../../../arm-none-eabi/lib/thumb/libg.a(lib_a-svfiscanf.o)
 .text._sungetc_r
                0x00000000020074fe       0x7e /opt/devkitpro/devkitARM/bin/../lib/gcc/arm-none-eabi/12.1.0/../../../../arm-none-eabi/lib/thumb/libg.a(lib_a-svfiscanf.o)
                0x00000000020074fe                _sungetc_r
 .text.__ssrefill_r
                0x000000000200757c       0x42 /opt/devkitpro/devkitARM/bin/../lib/gcc/arm-none-eabi/12.1.0/../../../../arm-none-eabi/lib/thumb/libg.a(lib_a-svfiscanf.o)
                0x000000000200757c                __ssrefill_r
 .text._sfread_r
                0x00000000020075be       0x88 /opt/devkitpro/devkitARM/bin/../lib/gcc/arm-none-eabi/12.1.0/../../../../arm-none-eabi/lib/thumb/libg.a(lib_a-svfiscanf.o)
                0x00000000020075be                _sfread_r
 *fill*         0x0000000002007646        0x2 ff
 .text.__ssvfiscanf_r
                0x0000000002007648     0x1ae0 /opt/devkitpro/devkitARM/bin/../lib/gcc/arm-none-eabi/12.1.0/../../../../arm-none-eabi/lib/thumb/libg.a(lib_a-svfiscanf.o)
                0x0000000002007648                __ssvfiscanf_r
 .text.__submore
                0x0000000002009128       0x88 /opt/devkitpro/devkitARM/bin/../lib/gcc/arm-none-eabi/12.1.0/../../../../arm-none-eabi/lib/thumb/libg.a(lib_a-ungetc.o)
                0x0000000002009128                __submore
 .text.get_arg  0x00000000020091b0      0x42c /opt/devkitpro/devkitARM/bin/../lib/gcc/arm-none-eabi/12.1.0/../../../../arm-none-eabi/lib/thumb/libg.a(lib_a-vfiprintf.o)
 .text.__sprint_r
                0x00000000020095dc       0x24 /opt/devkitpro/devkitARM/bin/../lib/gcc/arm-none-eabi/12.1.0/../../../../arm-none-eabi/lib/thumb/libg.a(lib_a-vfiprintf.o)
                0x00000000020095dc                __sprint_r
 .text._vfiprintf_r
                0x0000000002009600     0x173c /opt/devkitpro/devkitARM/bin/../lib/gcc/arm-none-eabi/12.1.0/../../../../arm-none-eabi/lib/thumb/libg.a(lib_a-vfiprintf.o)
                0x0000000002009600                _vfiprintf_r
 .text.__sbprintf
                0x000000000200ad3c       0x8c /opt/devkitpro/devkitARM/bin/../lib/gcc/arm-none-eabi/12.1.0/../../../../arm-none-eabi/lib/thumb/libg.a(lib_a-vfiprintf.o)
 .text._wcrtomb_r
                0x000000000200adc8       0x5c /opt/devkitpro/devkitARM/bin/../lib/gcc/arm-none-eabi/12.1.0/../../../../arm-none-eabi/lib/thumb/libg.a(lib_a-wcrtomb.o)
                0x000000000200adc8                _wcrtomb_r
 .text._wcsrtombs_r
                0x000000000200ae24       0x1c /opt/devkitpro/devkitARM/bin/../lib/gcc/arm-none-eabi/12.1.0/../../../../arm-none-eabi/lib/thumb/libg.a(lib_a-wcsrtombs.o)
                0x000000000200ae24                _wcsrtombs_r
 .text.__swsetup_r
                0x000000000200ae40       0xd0 /opt/devkitpro/devkitARM/bin/../lib/gcc/arm-none-eabi/12.1.0/../../../../arm-none-eabi/lib/thumb/libg.a(lib_a-wsetup.o)
                0x000000000200ae40                __swsetup_r
 .text.__sflush_r
                0x000000000200af10      0x18c /opt/devkitpro/devkitARM/bin/../lib/gcc/arm-none-eabi/12.1.0/../../../../arm-none-eabi/lib/thumb/libg.a(lib_a-fflush.o)
                0x000000000200af10                __sflush_r
 .text._fflush_r
                0x000000000200b09c       0x70 /opt/devkitpro/devkitARM/bin/../lib/gcc/arm-none-eabi/12.1.0/../../../../arm-none-eabi/lib/thumb/libg.a(lib_a-fflush.o)
                0x000000000200b09c                _fflush_r
 .text._cleanup_r
                0x000000000200b10c       0x14 /opt/devkitpro/devkitARM/bin/../lib/gcc/arm-none-eabi/12.1.0/../../../../arm-none-eabi/lib/thumb/libg.a(lib_a-findfp.o)
                0x000000000200b10c                _cleanup_r
 .text.__sinit  0x000000000200b120      0x124 /opt/devkitpro/devkitARM/bin/../lib/gcc/arm-none-eabi/12.1.0/../../../../arm-none-eabi/lib/thumb/libg.a(lib_a-findfp.o)
                0x000000000200b120                __sinit
 .text.__sfp_lock_acquire
                0x000000000200b244       0x14 /opt/devkitpro/devkitARM/bin/../lib/gcc/arm-none-eabi/12.1.0/../../../../arm-none-eabi/lib/thumb/libg.a(lib_a-findfp.o)
                0x000000000200b244                __sfp_lock_acquire
 .text.__sfp_lock_release
                0x000000000200b258       0x14 /opt/devkitpro/devkitARM/bin/../lib/gcc/arm-none-eabi/12.1.0/../../../../arm-none-eabi/lib/thumb/libg.a(lib_a-findfp.o)
                0x000000000200b258                __sfp_lock_release
 .text._malloc_trim_r
                0x000000000200b26c       0xac /opt/devkitpro/devkitARM/bin/../lib/gcc/arm-none-eabi/12.1.0/../../../../arm-none-eabi/lib/thumb/libg.a(lib_a-freer.o)
                0x000000000200b26c                _malloc_trim_r
 .text._free_r  0x000000000200b318      0x1d8 /opt/devkitpro/devkitARM/bin/../lib/gcc/arm-none-eabi/12.1.0/../../../../arm-none-eabi/lib/thumb/libg.a(lib_a-freer.o)
                0x000000000200b318                _free_r
 .text.__sfvwrite_r
                0x000000000200b4f0      0x334 /opt/devkitpro/devkitARM/bin/../lib/gcc/arm-none-eabi/12.1.0/../../../../arm-none-eabi/lib/thumb/libg.a(lib_a-fvwrite.o)
                0x000000000200b4f0                __sfvwrite_r
 .text._fwalk_reent
                0x000000000200b824       0x50 /opt/devkitpro/devkitARM/bin/../lib/gcc/arm-none-eabi/12.1.0/../../../../arm-none-eabi/lib/thumb/libg.a(lib_a-fwalk.o)
                0x000000000200b824                _fwalk_reent
 .text.iswspace
                0x000000000200b874       0x10 /opt/devkitpro/devkitARM/bin/../lib/gcc/arm-none-eabi/12.1.0/../../../../arm-none-eabi/lib/thumb/libg.a(lib_a-iswspace.o)
                0x000000000200b874                iswspace
 .text._localeconv_r
                0x000000000200b884        0x8 /opt/devkitpro/devkitARM/bin/../lib/gcc/arm-none-eabi/12.1.0/../../../../arm-none-eabi/lib/thumb/libg.a(lib_a-localeconv.o)
                0x000000000200b884                _localeconv_r
 .text.__locale_mb_cur_max
                0x000000000200b88c       0x10 /opt/devkitpro/devkitARM/bin/../lib/gcc/arm-none-eabi/12.1.0/../../../../arm-none-eabi/lib/thumb/libg.a(lib_a-locale.o)
                0x000000000200b88c                __locale_mb_cur_max
 .text.__smakebuf_r
                0x000000000200b89c       0xf0 /opt/devkitpro/devkitARM/bin/../lib/gcc/arm-none-eabi/12.1.0/../../../../arm-none-eabi/lib/thumb/libg.a(lib_a-makebuf.o)
                0x000000000200b89c                __smakebuf_r
 .text.__swhatbuf_r
                0x000000000200b98c       0x5c /opt/devkitpro/devkitARM/bin/../lib/gcc/arm-none-eabi/12.1.0/../../../../arm-none-eabi/lib/thumb/libg.a(lib_a-makebuf.o)
                0x000000000200b98c                __swhatbuf_r
 .text._mbrtowc_r
                0x000000000200b9e8       0x60 /opt/devkitpro/devkitARM/bin/../lib/gcc/arm-none-eabi/12.1.0/../../../../arm-none-eabi/lib/thumb/libg.a(lib_a-mbrtowc.o)
                0x000000000200b9e8                _mbrtowc_r
 .text.__utf8_mbtowc
                0x000000000200ba48      0x27c /opt/devkitpro/devkitARM/bin/../lib/gcc/arm-none-eabi/12.1.0/../../../../arm-none-eabi/lib/thumb/libg.a(lib_a-mbtowc_r.o)
                0x000000000200ba48                __utf8_mbtowc
 .text.memchr   0x000000000200bcc4       0x78 /opt/devkitpro/devkitARM/bin/../lib/gcc/arm-none-eabi/12.1.0/../../../../arm-none-eabi/lib/thumb/libg.a(lib_a-memchr-stub.o)
                0x000000000200bcc4                memchr
 .text.memmove  0x000000000200bd3c       0xc0 /opt/devkitpro/devkitARM/bin/../lib/gcc/arm-none-eabi/12.1.0/../../../../arm-none-eabi/lib/thumb/libg.a(lib_a-memmove.o)
                0x000000000200bd3c                memmove
 .text.__sccl   0x000000000200bdfc       0x90 /opt/devkitpro/devkitARM/bin/../lib/gcc/arm-none-eabi/12.1.0/../../../../arm-none-eabi/lib/thumb/libg.a(lib_a-sccl.o)
                0x000000000200bdfc                __sccl
 .text.strncpy  0x000000000200be8c       0x68 /opt/devkitpro/devkitARM/bin/../lib/gcc/arm-none-eabi/12.1.0/../../../../arm-none-eabi/lib/thumb/libg.a(lib_a-strncpy.o)
                0x000000000200be8c                strncpy
 .text._strtoll_l.constprop.0
                0x000000000200bef4      0x1a0 /opt/devkitpro/devkitARM/bin/../lib/gcc/arm-none-eabi/12.1.0/../../../../arm-none-eabi/lib/thumb/libg.a(lib_a-strtoll.o)
 .text._strtoll_r
                0x000000000200c094        0xc /opt/devkitpro/devkitARM/bin/../lib/gcc/arm-none-eabi/12.1.0/../../../../arm-none-eabi/lib/thumb/libg.a(lib_a-strtoll.o)
                0x000000000200c094                _strtoll_r
 .text._strtol_l.part.0
                0x000000000200c0a0      0x144 /opt/devkitpro/devkitARM/bin/../lib/gcc/arm-none-eabi/12.1.0/../../../../arm-none-eabi/lib/thumb/libg.a(lib_a-strtol.o)
 .text._strtol_r
                0x000000000200c1e4       0x20 /opt/devkitpro/devkitARM/bin/../lib/gcc/arm-none-eabi/12.1.0/../../../../arm-none-eabi/lib/thumb/libg.a(lib_a-strtol.o)
                0x000000000200c1e4                _strtol_r
 .text._strtoull_l.constprop.0
                0x000000000200c204      0x1bc /opt/devkitpro/devkitARM/bin/../lib/gcc/arm-none-eabi/12.1.0/../../../../arm-none-eabi/lib/thumb/libg.a(lib_a-strtoull.o)
 .text._strtoull_r
                0x000000000200c3c0        0xc /opt/devkitpro/devkitARM/bin/../lib/gcc/arm-none-eabi/12.1.0/../../../../arm-none-eabi/lib/thumb/libg.a(lib_a-strtoull.o)
                0x000000000200c3c0                _strtoull_r
 .text._strtoul_l.constprop.0
                0x000000000200c3cc      0x144 /opt/devkitpro/devkitARM/bin/../lib/gcc/arm-none-eabi/12.1.0/../../../../arm-none-eabi/lib/thumb/libg.a(lib_a-strtoul.o)
 .text._strtoul_r
                0x000000000200c510        0xc /opt/devkitpro/devkitARM/bin/../lib/gcc/arm-none-eabi/12.1.0/../../../../arm-none-eabi/lib/thumb/libg.a(lib_a-strtoul.o)
                0x000000000200c510                _strtoul_r
 .text._wcsnrtombs_l
                0x000000000200c51c      0x11c /opt/devkitpro/devkitARM/bin/../lib/gcc/arm-none-eabi/12.1.0/../../../../arm-none-eabi/lib/thumb/libg.a(lib_a-wcsnrtombs.o)
                0x000000000200c51c                _wcsnrtombs_l
 .text._wcsnrtombs_r
                0x000000000200c638       0x30 /opt/devkitpro/devkitARM/bin/../lib/gcc/arm-none-eabi/12.1.0/../../../../arm-none-eabi/lib/thumb/libg.a(lib_a-wcsnrtombs.o)
                0x000000000200c638                _wcsnrtombs_r
 .text.__utf8_wctomb
                0x000000000200c668       0xb4 /opt/devkitpro/devkitARM/bin/../lib/gcc/arm-none-eabi/12.1.0/../../../../arm-none-eabi/lib/thumb/libg.a(lib_a-wctomb_r.o)
                0x000000000200c668                __utf8_wctomb
 .text.__errno  0x000000000200c71c        0xc /opt/devkitpro/devkitARM/bin/../lib/gcc/arm-none-eabi/12.1.0/../../../../arm-none-eabi/lib/thumb/libg.a(lib_a-errno.o)
                0x000000000200c71c                __errno
 .text._fclose_r
                0x000000000200c728       0xe4 /opt/devkitpro/devkitARM/bin/../lib/gcc/arm-none-eabi/12.1.0/../../../../arm-none-eabi/lib/thumb/libg.a(lib_a-fclose.o)
                0x000000000200c728                _fclose_r
 .text.iswspace_l
                0x000000000200c80c       0x2c /opt/devkitpro/devkitARM/bin/../lib/gcc/arm-none-eabi/12.1.0/../../../../arm-none-eabi/lib/thumb/libg.a(lib_a-iswspace_l.o)
                0x000000000200c80c                iswspace_l
 .text.__jp2uc  0x000000000200c838      0x14c /opt/devkitpro/devkitARM/bin/../lib/gcc/arm-none-eabi/12.1.0/../../../../arm-none-eabi/lib/thumb/libg.a(lib_a-jp2uc.o)
 .text._jp2uc_l
                0x000000000200c984       0x6c /opt/devkitpro/devkitARM/bin/../lib/gcc/arm-none-eabi/12.1.0/../../../../arm-none-eabi/lib/thumb/libg.a(lib_a-jp2uc.o)
                0x000000000200c984                _jp2uc_l
 .text.category
                0x000000000200c9f0       0x54 /opt/devkitpro/devkitARM/bin/../lib/gcc/arm-none-eabi/12.1.0/../../../../arm-none-eabi/lib/thumb/libg.a(lib_a-categories.o)
                0x000000000200c9f0                category
 .text.null_write
                0x000000000200ca44        0x4 /opt/devkitpro/devkitARM/bin/../lib/gcc/arm-none-eabi/12.1.0/../../../../arm-none-eabi/lib/thumb/libsysbase.a(iosupport.o)
 .text._fstat_r
                0x000000000200ca48       0x4c /opt/devkitpro/devkitARM/bin/../lib/gcc/arm-none-eabi/12.1.0/../../../../arm-none-eabi/lib/thumb/libsysbase.a(fstat.o)
                0x000000000200ca48                _fstat_r
 .text._isatty_r
                0x000000000200ca94        0x4 /opt/devkitpro/devkitARM/bin/../lib/gcc/arm-none-eabi/12.1.0/../../../../arm-none-eabi/lib/thumb/libsysbase.a(isatty.o)
                0x000000000200ca94                _isatty_r
 .text._lseek_r
                0x000000000200ca98       0x5c /opt/devkitpro/devkitARM/bin/../lib/gcc/arm-none-eabi/12.1.0/../../../../arm-none-eabi/lib/thumb/libsysbase.a(lseek.o)
                0x000000000200ca98                _lseek_r
 .text._read_r  0x000000000200caf4       0x50 /opt/devkitpro/devkitARM/bin/../lib/gcc/arm-none-eabi/12.1.0/../../../../arm-none-eabi/lib/thumb/libsysbase.a(read.o)
                0x000000000200caf4                _read_r
 .text._sbrk_r  0x000000000200cb44       0x54 /opt/devkitpro/devkitARM/bin/../lib/gcc/arm-none-eabi/12.1.0/../../../../arm-none-eabi/lib/thumb/libsysbase.a(sbrk.o)
                0x000000000200cb44                _sbrk_r
 .text._write_r
                0x000000000200cb98       0x50 /opt/devkitpro/devkitARM/bin/../lib/gcc/arm-none-eabi/12.1.0/../../../../arm-none-eabi/lib/thumb/libsysbase.a(write.o)
                0x000000000200cb98                _write_r
 .text.build_argv
                0x000000000200cbe8       0x4c /opt/devkitpro/devkitARM/bin/../lib/gcc/arm-none-eabi/12.1.0/../../../../arm-none-eabi/lib/thumb/libsysbase.a(build_argv.o)
                0x000000000200cbe8                build_argv
 .text.__flockfile
                0x000000000200cc34       0x10 /opt/devkitpro/devkitARM/bin/../lib/gcc/arm-none-eabi/12.1.0/../../../../arm-none-eabi/lib/thumb/libsysbase.a(flock.o)
                0x000000000200cc34                __flockfile
 .text.__funlockfile
                0x000000000200cc44       0x10 /opt/devkitpro/devkitARM/bin/../lib/gcc/arm-none-eabi/12.1.0/../../../../arm-none-eabi/lib/thumb/libsysbase.a(flock.o)
                0x000000000200cc44                __funlockfile
 .text.__get_handle
                0x000000000200cc54       0x34 /opt/devkitpro/devkitARM/bin/../lib/gcc/arm-none-eabi/12.1.0/../../../../arm-none-eabi/lib/thumb/libsysbase.a(handle_manager.o)
                0x000000000200cc54                __get_handle
 .text._close_r
                0x000000000200cc88       0xb8 /opt/devkitpro/devkitARM/bin/../lib/gcc/arm-none-eabi/12.1.0/../../../../arm-none-eabi/lib/thumb/libsysbase.a(handle_manager.o)
                0x000000000200cc88                _close_r
 .text.__getreent
                0x000000000200cd40       0x20 /opt/devkitpro/devkitARM/bin/../lib/gcc/arm-none-eabi/12.1.0/../../../../arm-none-eabi/lib/thumb/libsysbase.a(getreent.o)
                0x000000000200cd40                __getreent
 .text.__libc_lock_acquire
                0x000000000200cd60       0x18 /opt/devkitpro/devkitARM/bin/../lib/gcc/arm-none-eabi/12.1.0/../../../../arm-none-eabi/lib/thumb/libsysbase.a(syscall_support.o)
                0x000000000200cd60                __libc_lock_acquire
 .text.__libc_lock_release
                0x000000000200cd78       0x18 /opt/devkitpro/devkitARM/bin/../lib/gcc/arm-none-eabi/12.1.0/../../../../arm-none-eabi/lib/thumb/libsysbase.a(syscall_support.o)
                0x000000000200cd78                __libc_lock_release
 .text.__libc_lock_init_recursive
                0x000000000200cd90       0x18 /opt/devkitpro/devkitARM/bin/../lib/gcc/arm-none-eabi/12.1.0/../../../../arm-none-eabi/lib/thumb/libsysbase.a(syscall_support.o)
                0x000000000200cd90                __libc_lock_init_recursive
 .text.__libc_lock_acquire_recursive
                0x000000000200cda8       0x18 /opt/devkitpro/devkitARM/bin/../lib/gcc/arm-none-eabi/12.1.0/../../../../arm-none-eabi/lib/thumb/libsysbase.a(syscall_support.o)
                0x000000000200cda8                __libc_lock_acquire_recursive
 .text.__libc_lock_release_recursive
                0x000000000200cdc0       0x18 /opt/devkitpro/devkitARM/bin/../lib/gcc/arm-none-eabi/12.1.0/../../../../arm-none-eabi/lib/thumb/libsysbase.a(syscall_support.o)
                0x000000000200cdc0                __libc_lock_release_recursive
 .text.__libc_lock_close_recursive
                0x000000000200cdd8       0x18 /opt/devkitpro/devkitARM/bin/../lib/gcc/arm-none-eabi/12.1.0/../../../../arm-none-eabi/lib/thumb/libsysbase.a(syscall_support.o)
                0x000000000200cdd8                __libc_lock_close_recursive
 .text.__muldi3
                0x000000000200cdf0       0x64 /opt/devkitpro/devkitARM/bin/../lib/gcc/arm-none-eabi/12.1.0/thumb/libgcc.a(_muldi3.o)
                0x000000000200cdf0                __aeabi_lmul
                0x000000000200cdf0                __muldi3
 .text.__udivmoddi4
                0x000000000200ce54      0x19c /opt/devkitpro/devkitARM/bin/../lib/gcc/arm-none-eabi/12.1.0/thumb/libgcc.a(_udivmoddi4.o)
                0x000000000200ce54                __udivmoddi4
 .text.__udivmoddi4.__stub
                0x000000000200cff0       0x98 linker stubs
 *(EXCLUDE_FILE(*.twl*) .gnu.warning)
 *(EXCLUDE_FILE(*.twl*) .gnu.linkonce.t*)
 *(.glue_7)
 .glue_7        0x000000000200d098        0x0 linker stubs
 *(.glue_7t)
 .glue_7t       0x000000000200d098        0x0 linker stubs
                0x000000000200d098                . = ALIGN (0x4)

.vfp11_veneer   0x000000000200d098        0x0
 .vfp11_veneer  0x000000000200d098        0x0 linker stubs

.v4_bx          0x000000000200d098        0x0
 .v4_bx         0x000000000200d098        0x0 linker stubs

.iplt           0x000000000200d098        0x0
 .iplt          0x000000000200d098        0x0 /opt/devkitpro/devkitARM/bin/../lib/gcc/arm-none-eabi/12.1.0/../../../../arm-none-eabi/lib/thumb/ds_arm9_crt0.o

.fini           0x000000000200d098        0xc
 *(.fini)
 .fini          0x000000000200d098        0x4 /opt/devkitpro/devkitARM/bin/../lib/gcc/arm-none-eabi/12.1.0/thumb/crti.o
                0x000000000200d098                _fini
 .fini          0x000000000200d09c        0x8 /opt/devkitpro/devkitARM/bin/../lib/gcc/arm-none-eabi/12.1.0/thumb/crtn.o
                0x000000000200d0a4                __text_end = .

.rodata         0x000000000200d0a4   0x18936c
 *(EXCLUDE_FILE(*.twl*) .rodata)
 .rodata        0x000000000200d0a4    0x18000 Juego.o
                0x000000000200d0a4                JuegoBitmap
 .rodata        0x00000000020250a4    0x18000 Defeat.o
                0x00000000020250a4                DefeatBitmap
 .rodata        0x000000000203d0a4    0x18000 Menu.o
                0x000000000203d0a4                MenuBitmap
 .rodata        0x00000000020550a4    0x18000 Help1.o
                0x00000000020550a4                Help1Bitmap
 .rodata        0x000000000206d0a4    0x18000 Pause.o
                0x000000000206d0a4                PauseBitmap
 .rodata        0x00000000020850a4    0x18000 PuertaAbierta.o
                0x00000000020850a4                PuertaAbiertaBitmap
 .rodata        0x000000000209d0a4    0x18000 Puerta.o
                0x000000000209d0a4                PuertaBitmap
 .rodata        0x00000000020b50a4    0x18000 Victory.o
                0x00000000020b50a4                VictoryBitmap
 .rodata        0x00000000020cd0a4    0x18000 Help2.o
                0x00000000020cd0a4                Help2Bitmap
 .rodata        0x00000000020e50a4    0x18000 Info.o
                0x00000000020e50a4                InfoBitmap
 .rodata        0x00000000020fd0a4    0x17e00 Seleccion.o
                0x00000000020fd0a4                SeleccionBitmap
 .rodata        0x0000000002114ea4    0x18000 Fueratiempo.o
                0x0000000002114ea4                FueratiempoBitmap
 .rodata        0x000000000212cea4    0x18000 Parada.o
                0x000000000212cea4                ParadaBitmap
 .rodata        0x0000000002144ea4    0x18000 Gol.o
                0x0000000002144ea4                GolBitmap
 .rodata        0x000000000215cea4    0x18000 Help3.o
                0x000000000215cea4                Help3Bitmap
 .rodata        0x0000000002174ea4    0x18000 intro2.o
                0x0000000002174ea4                intro2Bitmap
 *all.rodata*(*)
 *(EXCLUDE_FILE(*.twl*) .roda)
 *(EXCLUDE_FILE(*.twl*) .rodata.*)
 .rodata.str1.4
                0x000000000218cea4      0x463 juego.o
 *fill*         0x000000000218d307        0x1 ff
 .rodata.str1.4
                0x000000000218d308       0x3f rutinasAtencion.o
 *fill*         0x000000000218d347        0x1 ff
 .rodata.con_write.str1.4
                0x000000000218d348       0x30 /opt/devkitpro/libnds/lib/libnds9.a(console.o)
 .rodata.con_write
                0x000000000218d378       0xd4 /opt/devkitpro/libnds/lib/libnds9.a(console.o)
 .rodata.consoleClear.str1.4
                0x000000000218d44c        0x5 /opt/devkitpro/libnds/lib/libnds9.a(console.o)
 *fill*         0x000000000218d451        0x3 ff
 .rodata.str1.4
                0x000000000218d454       0x14 /opt/devkitpro/libnds/lib/libnds9.a(console.o)
 .rodata.dotab_stdout
                0x000000000218d468       0x70 /opt/devkitpro/libnds/lib/libnds9.a(console.o)
 .rodata.default_font_bin
                0x000000000218d4d8     0x2000 /opt/devkitpro/libnds/lib/libnds9.a(default_font.bin.o)
                0x000000000218d4d8                default_font_bin
                0x000000000218f4d8                default_font_bin_end
 .rodata.SIN_LUT
                0x000000000218f4d8      0x102 /opt/devkitpro/libnds/lib/libnds9.a(trig.o)
                0x000000000218f4d8                SIN_LUT
 *fill*         0x000000000218f5da        0x2 ff
 .rodata.basefix.0
                0x000000000218f5dc       0x22 /opt/devkitpro/devkitARM/bin/../lib/gcc/arm-none-eabi/12.1.0/../../../../arm-none-eabi/lib/thumb/libg.a(lib_a-svfiscanf.o)
 .rodata._vfiprintf_r.str1.1
                0x000000000218f5fe       0x29 /opt/devkitpro/devkitARM/bin/../lib/gcc/arm-none-eabi/12.1.0/../../../../arm-none-eabi/lib/thumb/libg.a(lib_a-vfiprintf.o)
 *fill*         0x000000000218f627        0x1 ff
 .rodata.zeroes.0
                0x000000000218f628       0x10 /opt/devkitpro/devkitARM/bin/../lib/gcc/arm-none-eabi/12.1.0/../../../../arm-none-eabi/lib/thumb/libg.a(lib_a-vfiprintf.o)
 .rodata.blanks.1
                0x000000000218f638       0x10 /opt/devkitpro/devkitARM/bin/../lib/gcc/arm-none-eabi/12.1.0/../../../../arm-none-eabi/lib/thumb/libg.a(lib_a-vfiprintf.o)
 .rodata._ctype_
                0x000000000218f648      0x101 /opt/devkitpro/devkitARM/bin/../lib/gcc/arm-none-eabi/12.1.0/../../../../arm-none-eabi/lib/thumb/libg.a(lib_a-ctype_.o)
                0x000000000218f648                _ctype_
 *fill*         0x000000000218f749        0x3 ff
 .rodata.str1.4
                0x000000000218f74c       0x48 /opt/devkitpro/devkitARM/bin/../lib/gcc/arm-none-eabi/12.1.0/../../../../arm-none-eabi/lib/thumb/libg.a(lib_a-locale.o)
                                         0x4c (size before relaxing)
 .rodata._mbrtowc_r.str1.4
                0x000000000218f794        0x1 /opt/devkitpro/devkitARM/bin/../lib/gcc/arm-none-eabi/12.1.0/../../../../arm-none-eabi/lib/thumb/libg.a(lib_a-mbrtowc.o)
 .rodata.__action_table
                0x000000000218f794       0x6c /opt/devkitpro/devkitARM/bin/../lib/gcc/arm-none-eabi/12.1.0/../../../../arm-none-eabi/lib/thumb/libg.a(lib_a-svfiprintf.o)
                0x000000000218f794                __action_table
 .rodata.__state_table
                0x000000000218f800       0x6c /opt/devkitpro/devkitARM/bin/../lib/gcc/arm-none-eabi/12.1.0/../../../../arm-none-eabi/lib/thumb/libg.a(lib_a-svfiprintf.o)
                0x000000000218f800                __state_table
 .rodata.__chclass
                0x000000000218f86c      0x100 /opt/devkitpro/devkitARM/bin/../lib/gcc/arm-none-eabi/12.1.0/../../../../arm-none-eabi/lib/thumb/libg.a(lib_a-svfiprintf.o)
                0x000000000218f86c                __chclass
 .rodata.__jp2uc
                0x000000000218f96c       0x20 /opt/devkitpro/devkitARM/bin/../lib/gcc/arm-none-eabi/12.1.0/../../../../arm-none-eabi/lib/thumb/libg.a(lib_a-jp2uc.o)
 .rodata._jp2uc_l.str1.4
                0x000000000218f98c       0x12 /opt/devkitpro/devkitARM/bin/../lib/gcc/arm-none-eabi/12.1.0/../../../../arm-none-eabi/lib/thumb/libg.a(lib_a-jp2uc.o)
 *fill*         0x000000000218f99e        0x2 ff
 .rodata.d02f4  0x000000000218f9a0     0x1a7c /opt/devkitpro/devkitARM/bin/../lib/gcc/arm-none-eabi/12.1.0/../../../../arm-none-eabi/lib/thumb/libg.a(lib_a-jp2uc.o)
 .rodata.b02cf  0x000000000219141c     0x172a /opt/devkitpro/devkitARM/bin/../lib/gcc/arm-none-eabi/12.1.0/../../../../arm-none-eabi/lib/thumb/libg.a(lib_a-jp2uc.o)
 *fill*         0x0000000002192b46        0x2 ff
 .rodata.a8     0x0000000002192b48       0x40 /opt/devkitpro/devkitARM/bin/../lib/gcc/arm-none-eabi/12.1.0/../../../../arm-none-eabi/lib/thumb/libg.a(lib_a-jp2uc.o)
 .rodata.a7     0x0000000002192b88       0xa2 /opt/devkitpro/devkitARM/bin/../lib/gcc/arm-none-eabi/12.1.0/../../../../arm-none-eabi/lib/thumb/libg.a(lib_a-jp2uc.o)
 *fill*         0x0000000002192c2a        0x2 ff
 .rodata.a6     0x0000000002192c2c       0x70 /opt/devkitpro/devkitARM/bin/../lib/gcc/arm-none-eabi/12.1.0/../../../../arm-none-eabi/lib/thumb/libg.a(lib_a-jp2uc.o)
 .rodata.a3     0x0000000002192c9c       0x5b /opt/devkitpro/devkitARM/bin/../lib/gcc/arm-none-eabi/12.1.0/../../../../arm-none-eabi/lib/thumb/libg.a(lib_a-jp2uc.o)
 *fill*         0x0000000002192cf7        0x1 ff
 .rodata.a2     0x0000000002192cf8       0xbc /opt/devkitpro/devkitARM/bin/../lib/gcc/arm-none-eabi/12.1.0/../../../../arm-none-eabi/lib/thumb/libg.a(lib_a-jp2uc.o)
 .rodata.a1     0x0000000002192db4       0xbc /opt/devkitpro/devkitARM/bin/../lib/gcc/arm-none-eabi/12.1.0/../../../../arm-none-eabi/lib/thumb/libg.a(lib_a-jp2uc.o)
 .rodata.categories
                0x0000000002192e70     0x3528 /opt/devkitpro/devkitARM/bin/../lib/gcc/arm-none-eabi/12.1.0/../../../../arm-none-eabi/lib/thumb/libg.a(lib_a-categories.o)
 .rodata.AddDevice.str1.4
                0x0000000002196398        0x8 /opt/devkitpro/devkitARM/bin/../lib/gcc/arm-none-eabi/12.1.0/../../../../arm-none-eabi/lib/thumb/libsysbase.a(iosupport.o)
 .rodata.dotab_stdnull
                0x00000000021963a0       0x70 /opt/devkitpro/devkitARM/bin/../lib/gcc/arm-none-eabi/12.1.0/../../../../arm-none-eabi/lib/thumb/libsysbase.a(iosupport.o)
                0x00000000021963a0                dotab_stdnull
 *(EXCLUDE_FILE(*.twl*) .gnu.linkonce.r*)
                0x0000000002196410                . = ALIGN (0x4)

.ARM.extab
 *(.ARM.extab* .gnu.linkonce.armextab.*)
                0x0000000002196410                __exidx_start = .

ARM.exidx
 *(.ARM.exidx* .gnu.linkonce.armexidx.*)
                0x0000000002196410                __exidx_end = .
                0x0000000002196410                . = ALIGN (0x4)
                0x0000000002196410                PROVIDE (__preinit_array_start = .)

.preinit_array
 *(.preinit_array)
                0x0000000002196410                PROVIDE (__preinit_array_end = .)
                0x0000000002196410                PROVIDE (__init_array_start = .)

.init_array     0x0000000002196410        0x4
 *(SORT_BY_NAME(.init_array.*))
 *(.init_array)
 .init_array    0x0000000002196410        0x4 /opt/devkitpro/devkitARM/bin/../lib/gcc/arm-none-eabi/12.1.0/thumb/crtbegin.o
                0x0000000002196414                PROVIDE (__init_array_end = .)
                [!provide]                        PROVIDE (__fini_array_start = .)

.fini_array     0x0000000002196414        0x4
 *(.fini_array)
 .fini_array    0x0000000002196414        0x4 /opt/devkitpro/devkitARM/bin/../lib/gcc/arm-none-eabi/12.1.0/thumb/crtbegin.o
 *(SORT_BY_NAME(.fini_array.*))
                [!provide]                        PROVIDE (__fini_array_end = .)

.ctors          0x0000000002196418        0x0
 *crtbegin.o(.ctors)
 *(EXCLUDE_FILE(*crtend.o) .ctors)
 *(SORT_BY_NAME(.ctors.*))
 *(.ctors)
                0x0000000002196418                . = ALIGN (0x4)

.dtors          0x0000000002196418        0x0
 *crtbegin.o(.dtors)
 *(EXCLUDE_FILE(*crtend.o) .dtors)
 *(SORT_BY_NAME(.dtors.*))
 *(.dtors)
                0x0000000002196418                . = ALIGN (0x4)

.eh_frame       0x0000000002196418        0x4
 *(.eh_frame)
 .eh_frame      0x0000000002196418        0x0 /opt/devkitpro/devkitARM/bin/../lib/gcc/arm-none-eabi/12.1.0/thumb/crtbegin.o
 .eh_frame      0x0000000002196418        0x4 /opt/devkitpro/devkitARM/bin/../lib/gcc/arm-none-eabi/12.1.0/thumb/crtend.o
                0x000000000219641c                . = ALIGN (0x4)

.rel.dyn        0x000000000219641c        0x0
 .rel.iplt      0x000000000219641c        0x0 /opt/devkitpro/devkitARM/bin/../lib/gcc/arm-none-eabi/12.1.0/../../../../arm-none-eabi/lib/thumb/ds_arm9_crt0.o

.gcc_except_table
                0x000000000219641c        0x0
 *(.gcc_except_table)
                0x000000000219641c                . = ALIGN (0x4)

.jcr
 *(.jcr)

.got
 *(.got.plt)
 *(.got)
 *(.rel.got)

.ewram          0x000000000219641c        0x0
                0x000000000219641c                __ewram_start = ABSOLUTE (.)
 *(.ewram)
 *ewram.*(.text)
                0x000000000219641c                . = ALIGN (0x4)

.data           0x000000000219641c     0x7fc8
                0x000000000219641c                __data_start = ABSOLUTE (.)
 *(EXCLUDE_FILE(*.twl*) .data)
 .data          0x000000000219641c     0x6400 sprites.o
                0x000000000219641c                markrd
                0x000000000219681c                markld
                0x0000000002196c1c                markd
                0x000000000219701c                marku
                0x000000000219741c                markr
                0x000000000219781c                markl
                0x0000000002197c1c                mark
                0x000000000219801c                shawnbr
                0x000000000219841c                shawnbl
                0x000000000219881c                shawnb
                0x0000000002198c1c                shawnblack
                0x000000000219901c                shawn
                0x000000000219941c                xavierbr
                0x000000000219981c                xavierbl
                0x0000000002199c1c                xavierb
                0x000000000219a01c                xavierblack
                0x000000000219a41c                xavier
                0x000000000219a81c                axelbr
                0x000000000219ac1c                axelbl
                0x000000000219b01c                axelb
                0x000000000219b41c                axelblack
                0x000000000219b81c                axel
                0x000000000219bc1c                romboGrande
                0x000000000219c01c                balonjuego
                0x000000000219c11c                info
                0x000000000219c21c                blackblock
                0x000000000219c31c                smallblock
                0x000000000219c41c                flecha
                0x000000000219c51c                balon2
                0x000000000219c61c                balon1
                0x000000000219c71c                rombo
 .data          0x000000000219c81c        0x4 rutinasAtencion.o
                0x000000000219c81c                gametime
 .data          0x000000000219c820       0x28 /opt/devkitpro/libnds/lib/libnds9.a(mpu_setup.o)
 *(EXCLUDE_FILE(*.twl*) .data.*)
 .data.currentConsole
                0x000000000219c848        0x4 /opt/devkitpro/libnds/lib/libnds9.a(console.o)
                0x000000000219c848                currentConsole
 .data.defaultConsole
                0x000000000219c84c       0x5c /opt/devkitpro/libnds/lib/libnds9.a(console.o)
                0x000000000219c84c                defaultConsole
 .data.firstConsoleInit.0
                0x000000000219c8a8        0x1 /opt/devkitpro/libnds/lib/libnds9.a(console.o)
 *fill*         0x000000000219c8a9        0x3 ff
 .data.oamMain  0x000000000219c8ac       0x18 /opt/devkitpro/libnds/lib/libnds9.a(sprite.o)
                0x000000000219c8ac                oamMain
 .data.oamSub   0x000000000219c8c4       0x18 /opt/devkitpro/libnds/lib/libnds9.a(sprite.o)
                0x000000000219c8c4                oamSub
 .data.fifo_buffer_free
                0x000000000219c8dc        0x4 /opt/devkitpro/libnds/lib/libnds9.a(fifosystem.o)
                0x000000000219c8dc                fifo_buffer_free
 .data.fifo_freewords
                0x000000000219c8e0        0x4 /opt/devkitpro/libnds/lib/libnds9.a(fifosystem.o)
                0x000000000219c8e0                fifo_freewords
 .data.fifo_receive_queue
                0x000000000219c8e4        0x4 /opt/devkitpro/libnds/lib/libnds9.a(fifosystem.o)
                0x000000000219c8e4                fifo_receive_queue
 .data.fifo_send_queue
                0x000000000219c8e8        0x4 /opt/devkitpro/libnds/lib/libnds9.a(fifosystem.o)
                0x000000000219c8e8                fifo_send_queue
 .data.bgControl
                0x000000000219c8ec       0x20 /opt/devkitpro/libnds/lib/libnds9.a(background.o)
                0x000000000219c8ec                bgControl
 .data.bgScrollTable
                0x000000000219c90c       0x20 /opt/devkitpro/libnds/lib/libnds9.a(background.o)
                0x000000000219c90c                bgScrollTable
 .data.bgTransform
                0x000000000219c92c       0x20 /opt/devkitpro/libnds/lib/libnds9.a(background.o)
                0x000000000219c92c                bgTransform
 .data.__malloc_sbrk_base
                0x000000000219c94c        0x4 /opt/devkitpro/devkitARM/bin/../lib/gcc/arm-none-eabi/12.1.0/../../../../arm-none-eabi/lib/thumb/libg.a(lib_a-mallocr.o)
                0x000000000219c94c                __malloc_sbrk_base
 .data.__malloc_trim_threshold
                0x000000000219c950        0x4 /opt/devkitpro/devkitARM/bin/../lib/gcc/arm-none-eabi/12.1.0/../../../../arm-none-eabi/lib/thumb/libg.a(lib_a-mallocr.o)
                0x000000000219c950                __malloc_trim_threshold
 *fill*         0x000000000219c954        0x4 ff
 .data.__malloc_av_
                0x000000000219c958      0x408 /opt/devkitpro/devkitARM/bin/../lib/gcc/arm-none-eabi/12.1.0/../../../../arm-none-eabi/lib/thumb/libg.a(lib_a-mallocr.o)
                0x000000000219c958                __malloc_av_
 .data._impure_ptr
                0x000000000219cd60        0x4 /opt/devkitpro/devkitARM/bin/../lib/gcc/arm-none-eabi/12.1.0/../../../../arm-none-eabi/lib/thumb/libg.a(lib_a-impure.o)
                0x000000000219cd60                _impure_ptr
 *fill*         0x000000000219cd64        0x4 ff
 .data.impure_data
                0x000000000219cd68      0x460 /opt/devkitpro/devkitARM/bin/../lib/gcc/arm-none-eabi/12.1.0/../../../../arm-none-eabi/lib/thumb/libg.a(lib_a-impure.o)
 .data.__global_locale
                0x000000000219d1c8      0x16c /opt/devkitpro/devkitARM/bin/../lib/gcc/arm-none-eabi/12.1.0/../../../../arm-none-eabi/lib/thumb/libg.a(lib_a-locale.o)
                0x000000000219d1c8                __global_locale
 .data.devoptab_list
                0x000000000219d334       0x8c /opt/devkitpro/devkitARM/bin/../lib/gcc/arm-none-eabi/12.1.0/../../../../arm-none-eabi/lib/thumb/libsysbase.a(iosupport.o)
                0x000000000219d334                devoptab_list
 .data.handles  0x000000000219d3c0     0x1000 /opt/devkitpro/devkitARM/bin/../lib/gcc/arm-none-eabi/12.1.0/../../../../arm-none-eabi/lib/thumb/libsysbase.a(handle_manager.o)
 .data.__stderr_handle
                0x000000000219e3c0        0xc /opt/devkitpro/devkitARM/bin/../lib/gcc/arm-none-eabi/12.1.0/../../../../arm-none-eabi/lib/thumb/libsysbase.a(handle_manager.o)
 .data.__stdout_handle
                0x000000000219e3cc        0xc /opt/devkitpro/devkitARM/bin/../lib/gcc/arm-none-eabi/12.1.0/../../../../arm-none-eabi/lib/thumb/libsysbase.a(handle_manager.o)
 .data.__stdin_handle
                0x000000000219e3d8        0xc /opt/devkitpro/devkitARM/bin/../lib/gcc/arm-none-eabi/12.1.0/../../../../arm-none-eabi/lib/thumb/libsysbase.a(handle_manager.o)
 *(EXCLUDE_FILE(*.twl*) .gnu.linkonce.d*)
                0x000000000219e3e4                . = ALIGN (0x4)
                0x000000000219e3e4                __data_end = ABSOLUTE (.)
                0x000000000219e3e4                __bss_vma = .

.igot.plt       0x000000000219e3e4        0x0
 .igot.plt      0x000000000219e3e4        0x0 /opt/devkitpro/devkitARM/bin/../lib/gcc/arm-none-eabi/12.1.0/../../../../arm-none-eabi/lib/thumb/ds_arm9_crt0.o

.dtcm           0x0000000002ff0000        0x0 load address 0x000000000219e3e4
                0x000000000219e3e4                __dtcm_lma = LOADADDR (.dtcm)
                0x0000000002ff0000                __dtcm_start = ABSOLUTE (.)
 *(.dtcm)
 *(.dtcm.*)
                0x0000000002ff0000                . = ALIGN (0x4)
                0x0000000002ff0000                __dtcm_end = ABSOLUTE (.)

.itcm           0x0000000001000100      0x194 load address 0x000000000219e3e4
                0x000000000219e3e4                __itcm_lma = LOADADDR (.itcm)
                0x0000000001000100                __itcm_start = ABSOLUTE (.)
 *(.itcm)
 .itcm          0x0000000001000100       0xc8 /opt/devkitpro/libnds/lib/libnds9.a(interrupts.o)
                0x0000000001000100                irqTable
 .itcm          0x00000000010001c8       0xcc /opt/devkitpro/libnds/lib/libnds9.a(interruptDispatcher.o)
                0x00000000010001c8                IntrMain
 *.itcm*(.text .stub .text.*)
                0x0000000001000294                . = ALIGN (0x4)
                0x0000000001000294                __itcm_end = ABSOLUTE (.)

.vectors        0x0000000001000000        0x0 load address 0x000000000219e578
                0x000000000219e578                __vectors_lma = LOADADDR (.vectors)
                0x0000000001000000                __vectors_start = ABSOLUTE (.)
 *(.vectors .vectors.*)
                0x0000000001000000                . = ALIGN (0x4)
                0x0000000001000000                __vectors_end = ABSOLUTE (.)

.sbss           0x0000000002ff0000        0x0
                0x0000000002ff0000                __sbss_start = ABSOLUTE (.)
                0x0000000002ff0000                __sbss_start__ = ABSOLUTE (.)
 *(.sbss)
                0x0000000002ff0000                . = ALIGN (0x4)
                0x0000000002ff0000                __sbss_end = ABSOLUTE (.)

.bss            0x000000000219e3e4     0x1560
                0x000000000219e3e4                __bss_start = ABSOLUTE (.)
                0x000000000219e3e4                __bss_start__ = ABSOLUTE (.)
 *(EXCLUDE_FILE(*.twl*) .dynbss)
 *(EXCLUDE_FILE(*.twl*) .gnu.linkonce.b*)
 *(EXCLUDE_FILE(*.twl*) .bss*)
 .bss.completed.1
                0x000000000219e3e4        0x1 /opt/devkitpro/devkitARM/bin/../lib/gcc/arm-none-eabi/12.1.0/thumb/crtbegin.o
 *fill*         0x000000000219e3e5        0x3 
 .bss.object.0  0x000000000219e3e8       0x18 /opt/devkitpro/devkitARM/bin/../lib/gcc/arm-none-eabi/12.1.0/thumb/crtbegin.o
 .bss           0x000000000219e400       0x7c sprites.o
                0x000000000219e400                gfxrombo
                0x000000000219e404                gfxromboGrande
                0x000000000219e408                gfxbalon1
                0x000000000219e40c                gfxbalon2
                0x000000000219e410                gfxflecha
                0x000000000219e414                gfxsmallblock
                0x000000000219e418                gfxblackblock
                0x000000000219e41c                gfxaxel
                0x000000000219e420                gfxaxelblack
                0x000000000219e424                gfxaxelb
                0x000000000219e428                gfxaxelbl
                0x000000000219e42c                gfxaxelbr
                0x000000000219e430                gfxinfo
                0x000000000219e434                gfxxavier
                0x000000000219e438                gfxxavierblack
                0x000000000219e43c                gfxxavierb
                0x000000000219e440                gfxxavierbl
                0x000000000219e444                gfxxavierbr
                0x000000000219e448                gfxshawn
                0x000000000219e44c                gfxshawnblack
                0x000000000219e450                gfxshawnb
                0x000000000219e454                gfxshawnbl
                0x000000000219e458                gfxshawnbr
                0x000000000219e45c                gfxmark
                0x000000000219e460                gfxmarkl
                0x000000000219e464                gfxmarkr
                0x000000000219e468                gfxmarku
                0x000000000219e46c                gfxmarkd
                0x000000000219e470                gfxmarkld
                0x000000000219e474                gfxmarkrd
                0x000000000219e478                gfxbalonjuego
 .bss           0x000000000219e47c       0x18 juego.o
                0x000000000219e47c                DevMode
                0x000000000219e480                pos_pantalla
                0x000000000219e48c                touch
                0x000000000219e490                tiempo
 .bss           0x000000000219e494       0x54 rutinasAtencion.o
                0x000000000219e494                ESTADO
                0x000000000219e498                yflecha
                0x000000000219e49c                pj
                0x000000000219e4a0                nhelp
                0x000000000219e4a8                yJugador
                0x000000000219e4ac                ybalon
                0x000000000219e4b0                DirJ1
                0x000000000219e4b4                xbalon
                0x000000000219e4b8                DirPor
                0x000000000219e4bc                xmark
                0x000000000219e4d0                seg3
                0x000000000219e4d4                segbalon
                0x000000000219e4dc                tiros
                0x000000000219e4e0                goles
 .bss.SDcallback
                0x000000000219e4e8        0x4 /opt/devkitpro/libnds/lib/libnds9.a(system.o)
 .bss.currentCopy
                0x000000000219e4ec       0x5c /opt/devkitpro/libnds/lib/libnds9.a(console.o)
                0x000000000219e4ec                currentCopy
 .bss.OamMemory
                0x000000000219e548      0x400 /opt/devkitpro/libnds/lib/libnds9.a(sprite.o)
                0x000000000219e548                OamMemory
 .bss.OamMemorySub
                0x000000000219e948      0x400 /opt/devkitpro/libnds/lib/libnds9.a(sprite.o)
                0x000000000219e948                OamMemorySub
 .bss.__dsimode
                0x000000000219ed48        0x1 /opt/devkitpro/libnds/lib/libnds9.a(initSystem.o)
                0x000000000219ed48                __dsimode
 *fill*         0x000000000219ed49        0x3 
 .bss.punixTime
                0x000000000219ed4c        0x4 /opt/devkitpro/libnds/lib/libnds9.a(initSystem.o)
                0x000000000219ed4c                punixTime
 .bss.fifo_address_data
                0x000000000219ed50       0x40 /opt/devkitpro/libnds/lib/libnds9.a(fifosystem.o)
                0x000000000219ed50                fifo_address_data
 .bss.fifo_address_func
                0x000000000219ed90       0x40 /opt/devkitpro/libnds/lib/libnds9.a(fifosystem.o)
                0x000000000219ed90                fifo_address_func
 .bss.fifo_address_queue
                0x000000000219edd0       0x40 /opt/devkitpro/libnds/lib/libnds9.a(fifosystem.o)
                0x000000000219edd0                fifo_address_queue
 .bss.fifo_buffer
                0x000000000219ee10      0x800 /opt/devkitpro/libnds/lib/libnds9.a(fifosystem.o)
                0x000000000219ee10                fifo_buffer
 .bss.fifo_data_queue
                0x000000000219f610       0x40 /opt/devkitpro/libnds/lib/libnds9.a(fifosystem.o)
                0x000000000219f610                fifo_data_queue
 .bss.fifo_datamsg_data
                0x000000000219f650       0x40 /opt/devkitpro/libnds/lib/libnds9.a(fifosystem.o)
                0x000000000219f650                fifo_datamsg_data
 .bss.fifo_datamsg_func
                0x000000000219f690       0x40 /opt/devkitpro/libnds/lib/libnds9.a(fifosystem.o)
                0x000000000219f690                fifo_datamsg_func
 .bss.fifo_value32_data
                0x000000000219f6d0       0x40 /opt/devkitpro/libnds/lib/libnds9.a(fifosystem.o)
                0x000000000219f6d0                fifo_value32_data
 .bss.fifo_value32_func
                0x000000000219f710       0x40 /opt/devkitpro/libnds/lib/libnds9.a(fifosystem.o)
                0x000000000219f710                fifo_value32_func
 .bss.fifo_value32_queue
                0x000000000219f750       0x40 /opt/devkitpro/libnds/lib/libnds9.a(fifosystem.o)
                0x000000000219f750                fifo_value32_queue
 .bss.processing
                0x000000000219f790        0x4 /opt/devkitpro/libnds/lib/libnds9.a(fifosystem.o)
                0x000000000219f790                processing
 .bss.bgIsTextLut
                0x000000000219f794        0x8 /opt/devkitpro/libnds/lib/libnds9.a(background.o)
                0x000000000219f794                bgIsTextLut
 .bss.bgState   0x000000000219f79c      0x140 /opt/devkitpro/libnds/lib/libnds9.a(background.o)
                0x000000000219f79c                bgState
 .bss.__malloc_current_mallinfo
                0x000000000219f8dc       0x28 /opt/devkitpro/devkitARM/bin/../lib/gcc/arm-none-eabi/12.1.0/../../../../arm-none-eabi/lib/thumb/libg.a(lib_a-mallocr.o)
                0x000000000219f8dc                __malloc_current_mallinfo
 .bss.__malloc_max_total_mem
                0x000000000219f904        0x4 /opt/devkitpro/devkitARM/bin/../lib/gcc/arm-none-eabi/12.1.0/../../../../arm-none-eabi/lib/thumb/libg.a(lib_a-mallocr.o)
                0x000000000219f904                __malloc_max_total_mem
 .bss.__malloc_max_sbrked_mem
                0x000000000219f908        0x4 /opt/devkitpro/devkitARM/bin/../lib/gcc/arm-none-eabi/12.1.0/../../../../arm-none-eabi/lib/thumb/libg.a(lib_a-mallocr.o)
                0x000000000219f908                __malloc_max_sbrked_mem
 .bss.__malloc_top_pad
                0x000000000219f90c        0x4 /opt/devkitpro/devkitARM/bin/../lib/gcc/arm-none-eabi/12.1.0/../../../../arm-none-eabi/lib/thumb/libg.a(lib_a-mallocr.o)
                0x000000000219f90c                __malloc_top_pad
 .bss.__malloc_recursive_mutex
                0x000000000219f910        0xc /opt/devkitpro/devkitARM/bin/../lib/gcc/arm-none-eabi/12.1.0/../../../../arm-none-eabi/lib/thumb/libg.a(lib_a-mlock.o)
 .bss.__sinit_recursive_mutex
                0x000000000219f91c        0xc /opt/devkitpro/devkitARM/bin/../lib/gcc/arm-none-eabi/12.1.0/../../../../arm-none-eabi/lib/thumb/libg.a(lib_a-findfp.o)
 .bss.__sfp_recursive_mutex
                0x000000000219f928        0xc /opt/devkitpro/devkitARM/bin/../lib/gcc/arm-none-eabi/12.1.0/../../../../arm-none-eabi/lib/thumb/libg.a(lib_a-findfp.o)
 .bss.heap_start.0
                0x000000000219f934        0x4 /opt/devkitpro/devkitARM/bin/../lib/gcc/arm-none-eabi/12.1.0/../../../../arm-none-eabi/lib/thumb/libsysbase.a(sbrk.o)
 .bss.fake_heap_start
                0x000000000219f938        0x4 /opt/devkitpro/devkitARM/bin/../lib/gcc/arm-none-eabi/12.1.0/../../../../arm-none-eabi/lib/thumb/libsysbase.a(malloc_vars.o)
                0x000000000219f938                fake_heap_start
 .bss.fake_heap_end
                0x000000000219f93c        0x4 /opt/devkitpro/devkitARM/bin/../lib/gcc/arm-none-eabi/12.1.0/../../../../arm-none-eabi/lib/thumb/libsysbase.a(malloc_vars.o)
                0x000000000219f93c                fake_heap_end
 .bss.__hndl_lock
                0x000000000219f940        0x4 /opt/devkitpro/devkitARM/bin/../lib/gcc/arm-none-eabi/12.1.0/../../../../arm-none-eabi/lib/thumb/libsysbase.a(handle_manager.o)
 *(EXCLUDE_FILE(*.twl*) COMMON)
                0x000000000219f944                . = ALIGN (0x4)
                0x000000000219f944                __bss_end__ = ABSOLUTE (.)
                0x000000000219f944                __end__ = ABSOLUTE (.)

.twl            0x000000000219f944        0x0 load address 0x0000000002400000
                0x0000000002400000                __arm9i_lma__ = LOADADDR (.twl)
                0x000000000219f944                __arm9i_start__ = ABSOLUTE (.)
 *(.twl)
 *.twl*(.text .stub .text.* .gnu.linkonce.t.*)
 *.twl*(.rodata)
 *.twl*(.roda)
 *.twl*(.rodata.*)
 *.twl*(.data)
 *.twl*(.data.*)
 *.twl*(.gnu.linkonce.d*)
                0x000000000219f944                __arm9i_end__ = ABSOLUTE (.)

.twl_bss        0x000000000219f944        0x0
                0x000000000219f944                __twl_bss_start__ = ABSOLUTE (.)
 *(.twl_bss)
 *.twl*(.dynbss)
 *.twl*(.gnu.linkonce.b*)
 *.twl*(.bss*)
 *.twl*(COMMON)
                0x000000000219f944                . = ALIGN (0x4)
                0x000000000219f944                __twl_bss_end__ = ABSOLUTE (.)
                0x000000000219f944                __twl_end__ = ABSOLUTE (.)

.stab
 *(.stab)

.stabstr
 *(.stabstr)

.stab.excl
 *(.stab.excl)

.stab.exclstr
 *(.stab.exclstr)

.stab.index
 *(.stab.index)

.stab.indexstr
 *(.stab.indexstr)

.comment        0x0000000000000000       0x46
 *(.comment)
 .comment       0x0000000000000000       0x23 /opt/devkitpro/devkitARM/bin/../lib/gcc/arm-none-eabi/12.1.0/thumb/crtbegin.o
                                         0x24 (size before relaxing)
 .comment       0x0000000000000023       0x24 main.o
 .comment       0x0000000000000023       0x24 graficos.o
 .comment       0x0000000000000023       0x24 sprites.o
 .comment       0x0000000000000023       0x24 perifericos.o
 .comment       0x0000000000000023       0x24 juego.o
 .comment       0x0000000000000023       0x24 rutinasAtencion.o
 .comment       0x0000000000000023       0x24 fondos.o
 .comment       0x0000000000000023       0x23 /opt/devkitpro/libnds/lib/libnds9.a(video.o)
                                         0x24 (size before relaxing)
 .comment       0x0000000000000046       0x24 /opt/devkitpro/libnds/lib/libnds9.a(touch.o)
 .comment       0x0000000000000046       0x24 /opt/devkitpro/libnds/lib/libnds9.a(sprite_alloc.o)
 .comment       0x0000000000000046       0x24 /opt/devkitpro/libnds/lib/libnds9.a(system.o)
 .comment       0x0000000000000046       0x24 /opt/devkitpro/libnds/lib/libnds9.a(console.o)
 .comment       0x0000000000000046       0x24 /opt/devkitpro/libnds/lib/libnds9.a(sprite.o)
 .comment       0x0000000000000046       0x24 /opt/devkitpro/libnds/lib/libnds9.a(initSystem.o)
 .comment       0x0000000000000046       0x24 /opt/devkitpro/libnds/lib/libnds9.a(securearea.o)
 .comment       0x0000000000000046       0x24 /opt/devkitpro/libnds/lib/libnds9.a(interrupts.o)
 .comment       0x0000000000000046       0x24 /opt/devkitpro/libnds/lib/libnds9.a(libnds_exit.arm.o)
 .comment       0x0000000000000046       0x24 /opt/devkitpro/libnds/lib/libnds9.a(fifosystem.o)
 .comment       0x0000000000000046       0x24 /opt/devkitpro/libnds/lib/libnds9.a(background.o)
 .comment       0x0000000000000046       0x24 /opt/devkitpro/libnds/lib/libnds9.a(trig.o)
 .comment       0x0000000000000046       0x24 /opt/devkitpro/devkitARM/bin/../lib/gcc/arm-none-eabi/12.1.0/../../../../arm-none-eabi/lib/thumb/libg.a(lib_a-init.o)
 .comment       0x0000000000000046       0x24 /opt/devkitpro/devkitARM/bin/../lib/gcc/arm-none-eabi/12.1.0/../../../../arm-none-eabi/lib/thumb/libg.a(lib_a-iprintf.o)
 .comment       0x0000000000000046       0x24 /opt/devkitpro/devkitARM/bin/../lib/gcc/arm-none-eabi/12.1.0/../../../../arm-none-eabi/lib/thumb/libg.a(lib_a-malloc.o)
 .comment       0x0000000000000046       0x24 /opt/devkitpro/devkitARM/bin/../lib/gcc/arm-none-eabi/12.1.0/../../../../arm-none-eabi/lib/thumb/libg.a(lib_a-mallocr.o)
 .comment       0x0000000000000046       0x24 /opt/devkitpro/devkitARM/bin/../lib/gcc/arm-none-eabi/12.1.0/../../../../arm-none-eabi/lib/thumb/libg.a(lib_a-memcpy-stub.o)
 .comment       0x0000000000000046       0x24 /opt/devkitpro/devkitARM/bin/../lib/gcc/arm-none-eabi/12.1.0/../../../../arm-none-eabi/lib/thumb/libg.a(lib_a-memset.o)
 .comment       0x0000000000000046       0x24 /opt/devkitpro/devkitARM/bin/../lib/gcc/arm-none-eabi/12.1.0/../../../../arm-none-eabi/lib/thumb/libg.a(lib_a-mlock.o)
 .comment       0x0000000000000046       0x24 /opt/devkitpro/devkitARM/bin/../lib/gcc/arm-none-eabi/12.1.0/../../../../arm-none-eabi/lib/thumb/libg.a(lib_a-rand.o)
 .comment       0x0000000000000046       0x24 /opt/devkitpro/devkitARM/bin/../lib/gcc/arm-none-eabi/12.1.0/../../../../arm-none-eabi/lib/thumb/libg.a(lib_a-realloc.o)
 .comment       0x0000000000000046       0x24 /opt/devkitpro/devkitARM/bin/../lib/gcc/arm-none-eabi/12.1.0/../../../../arm-none-eabi/lib/thumb/libg.a(lib_a-reallocr.o)
 .comment       0x0000000000000046       0x24 /opt/devkitpro/devkitARM/bin/../lib/gcc/arm-none-eabi/12.1.0/../../../../arm-none-eabi/lib/thumb/libg.a(lib_a-setvbuf.o)
 .comment       0x0000000000000046       0x24 /opt/devkitpro/devkitARM/bin/../lib/gcc/arm-none-eabi/12.1.0/../../../../arm-none-eabi/lib/thumb/libg.a(lib_a-siscanf.o)
 .comment       0x0000000000000046       0x24 /opt/devkitpro/devkitARM/bin/../lib/gcc/arm-none-eabi/12.1.0/../../../../arm-none-eabi/lib/thumb/libg.a(lib_a-stdio.o)
 .comment       0x0000000000000046       0x24 /opt/devkitpro/devkitARM/bin/../lib/gcc/arm-none-eabi/12.1.0/../../../../arm-none-eabi/lib/thumb/libg.a(lib_a-strlen-stub.o)
 .comment       0x0000000000000046       0x24 /opt/devkitpro/devkitARM/bin/../lib/gcc/arm-none-eabi/12.1.0/../../../../arm-none-eabi/lib/thumb/libg.a(lib_a-svfiscanf.o)
 .comment       0x0000000000000046       0x24 /opt/devkitpro/devkitARM/bin/../lib/gcc/arm-none-eabi/12.1.0/../../../../arm-none-eabi/lib/thumb/libg.a(lib_a-ungetc.o)
 .comment       0x0000000000000046       0x24 /opt/devkitpro/devkitARM/bin/../lib/gcc/arm-none-eabi/12.1.0/../../../../arm-none-eabi/lib/thumb/libg.a(lib_a-vfiprintf.o)
 .comment       0x0000000000000046       0x24 /opt/devkitpro/devkitARM/bin/../lib/gcc/arm-none-eabi/12.1.0/../../../../arm-none-eabi/lib/thumb/libg.a(lib_a-wcrtomb.o)
 .comment       0x0000000000000046       0x24 /opt/devkitpro/devkitARM/bin/../lib/gcc/arm-none-eabi/12.1.0/../../../../arm-none-eabi/lib/thumb/libg.a(lib_a-wcsrtombs.o)
 .comment       0x0000000000000046       0x24 /opt/devkitpro/devkitARM/bin/../lib/gcc/arm-none-eabi/12.1.0/../../../../arm-none-eabi/lib/thumb/libg.a(lib_a-wsetup.o)
 .comment       0x0000000000000046       0x24 /opt/devkitpro/devkitARM/bin/../lib/gcc/arm-none-eabi/12.1.0/../../../../arm-none-eabi/lib/thumb/libg.a(lib_a-ctype_.o)
 .comment       0x0000000000000046       0x24 /opt/devkitpro/devkitARM/bin/../lib/gcc/arm-none-eabi/12.1.0/../../../../arm-none-eabi/lib/thumb/libg.a(lib_a-fflush.o)
 .comment       0x0000000000000046       0x24 /opt/devkitpro/devkitARM/bin/../lib/gcc/arm-none-eabi/12.1.0/../../../../arm-none-eabi/lib/thumb/libg.a(lib_a-findfp.o)
 .comment       0x0000000000000046       0x24 /opt/devkitpro/devkitARM/bin/../lib/gcc/arm-none-eabi/12.1.0/../../../../arm-none-eabi/lib/thumb/libg.a(lib_a-freer.o)
 .comment       0x0000000000000046       0x24 /opt/devkitpro/devkitARM/bin/../lib/gcc/arm-none-eabi/12.1.0/../../../../arm-none-eabi/lib/thumb/libg.a(lib_a-fvwrite.o)
 .comment       0x0000000000000046       0x24 /opt/devkitpro/devkitARM/bin/../lib/gcc/arm-none-eabi/12.1.0/../../../../arm-none-eabi/lib/thumb/libg.a(lib_a-fwalk.o)
 .comment       0x0000000000000046       0x24 /opt/devkitpro/devkitARM/bin/../lib/gcc/arm-none-eabi/12.1.0/../../../../arm-none-eabi/lib/thumb/libg.a(lib_a-impure.o)
 .comment       0x0000000000000046       0x24 /opt/devkitpro/devkitARM/bin/../lib/gcc/arm-none-eabi/12.1.0/../../../../arm-none-eabi/lib/thumb/libg.a(lib_a-iswspace.o)
 .comment       0x0000000000000046       0x24 /opt/devkitpro/devkitARM/bin/../lib/gcc/arm-none-eabi/12.1.0/../../../../arm-none-eabi/lib/thumb/libg.a(lib_a-localeconv.o)
 .comment       0x0000000000000046       0x24 /opt/devkitpro/devkitARM/bin/../lib/gcc/arm-none-eabi/12.1.0/../../../../arm-none-eabi/lib/thumb/libg.a(lib_a-locale.o)
 .comment       0x0000000000000046       0x24 /opt/devkitpro/devkitARM/bin/../lib/gcc/arm-none-eabi/12.1.0/../../../../arm-none-eabi/lib/thumb/libg.a(lib_a-makebuf.o)
 .comment       0x0000000000000046       0x24 /opt/devkitpro/devkitARM/bin/../lib/gcc/arm-none-eabi/12.1.0/../../../../arm-none-eabi/lib/thumb/libg.a(lib_a-mbrtowc.o)
 .comment       0x0000000000000046       0x24 /opt/devkitpro/devkitARM/bin/../lib/gcc/arm-none-eabi/12.1.0/../../../../arm-none-eabi/lib/thumb/libg.a(lib_a-mbtowc_r.o)
 .comment       0x0000000000000046       0x24 /opt/devkitpro/devkitARM/bin/../lib/gcc/arm-none-eabi/12.1.0/../../../../arm-none-eabi/lib/thumb/libg.a(lib_a-memchr-stub.o)
 .comment       0x0000000000000046       0x24 /opt/devkitpro/devkitARM/bin/../lib/gcc/arm-none-eabi/12.1.0/../../../../arm-none-eabi/lib/thumb/libg.a(lib_a-memmove.o)
 .comment       0x0000000000000046       0x24 /opt/devkitpro/devkitARM/bin/../lib/gcc/arm-none-eabi/12.1.0/../../../../arm-none-eabi/lib/thumb/libg.a(lib_a-sccl.o)
 .comment       0x0000000000000046       0x24 /opt/devkitpro/devkitARM/bin/../lib/gcc/arm-none-eabi/12.1.0/../../../../arm-none-eabi/lib/thumb/libg.a(lib_a-strncpy.o)
 .comment       0x0000000000000046       0x24 /opt/devkitpro/devkitARM/bin/../lib/gcc/arm-none-eabi/12.1.0/../../../../arm-none-eabi/lib/thumb/libg.a(lib_a-strtoll.o)
 .comment       0x0000000000000046       0x24 /opt/devkitpro/devkitARM/bin/../lib/gcc/arm-none-eabi/12.1.0/../../../../arm-none-eabi/lib/thumb/libg.a(lib_a-strtol.o)
 .comment       0x0000000000000046       0x24 /opt/devkitpro/devkitARM/bin/../lib/gcc/arm-none-eabi/12.1.0/../../../../arm-none-eabi/lib/thumb/libg.a(lib_a-strtoull.o)
 .comment       0x0000000000000046       0x24 /opt/devkitpro/devkitARM/bin/../lib/gcc/arm-none-eabi/12.1.0/../../../../arm-none-eabi/lib/thumb/libg.a(lib_a-strtoul.o)
 .comment       0x0000000000000046       0x24 /opt/devkitpro/devkitARM/bin/../lib/gcc/arm-none-eabi/12.1.0/../../../../arm-none-eabi/lib/thumb/libg.a(lib_a-svfiprintf.o)
 .comment       0x0000000000000046       0x24 /opt/devkitpro/devkitARM/bin/../lib/gcc/arm-none-eabi/12.1.0/../../../../arm-none-eabi/lib/thumb/libg.a(lib_a-wcsnrtombs.o)
 .comment       0x0000000000000046       0x24 /opt/devkitpro/devkitARM/bin/../lib/gcc/arm-none-eabi/12.1.0/../../../../arm-none-eabi/lib/thumb/libg.a(lib_a-wctomb_r.o)
 .comment       0x0000000000000046       0x24 /opt/devkitpro/devkitARM/bin/../lib/gcc/arm-none-eabi/12.1.0/../../../../arm-none-eabi/lib/thumb/libg.a(lib_a-errno.o)
 .comment       0x0000000000000046       0x24 /opt/devkitpro/devkitARM/bin/../lib/gcc/arm-none-eabi/12.1.0/../../../../arm-none-eabi/lib/thumb/libg.a(lib_a-fclose.o)
 .comment       0x0000000000000046       0x24 /opt/devkitpro/devkitARM/bin/../lib/gcc/arm-none-eabi/12.1.0/../../../../arm-none-eabi/lib/thumb/libg.a(lib_a-iswspace_l.o)
 .comment       0x0000000000000046       0x24 /opt/devkitpro/devkitARM/bin/../lib/gcc/arm-none-eabi/12.1.0/../../../../arm-none-eabi/lib/thumb/libg.a(lib_a-jp2uc.o)
 .comment       0x0000000000000046       0x24 /opt/devkitpro/devkitARM/bin/../lib/gcc/arm-none-eabi/12.1.0/../../../../arm-none-eabi/lib/thumb/libg.a(lib_a-categories.o)
 .comment       0x0000000000000046       0x24 /opt/devkitpro/devkitARM/bin/../lib/gcc/arm-none-eabi/12.1.0/../../../../arm-none-eabi/lib/thumb/libsysbase.a(iosupport.o)
 .comment       0x0000000000000046       0x24 /opt/devkitpro/devkitARM/bin/../lib/gcc/arm-none-eabi/12.1.0/../../../../arm-none-eabi/lib/thumb/libsysbase.a(fstat.o)
 .comment       0x0000000000000046       0x24 /opt/devkitpro/devkitARM/bin/../lib/gcc/arm-none-eabi/12.1.0/../../../../arm-none-eabi/lib/thumb/libsysbase.a(isatty.o)
 .comment       0x0000000000000046       0x24 /opt/devkitpro/devkitARM/bin/../lib/gcc/arm-none-eabi/12.1.0/../../../../arm-none-eabi/lib/thumb/libsysbase.a(lseek.o)
 .comment       0x0000000000000046       0x24 /opt/devkitpro/devkitARM/bin/../lib/gcc/arm-none-eabi/12.1.0/../../../../arm-none-eabi/lib/thumb/libsysbase.a(read.o)
 .comment       0x0000000000000046       0x24 /opt/devkitpro/devkitARM/bin/../lib/gcc/arm-none-eabi/12.1.0/../../../../arm-none-eabi/lib/thumb/libsysbase.a(sbrk.o)
 .comment       0x0000000000000046       0x24 /opt/devkitpro/devkitARM/bin/../lib/gcc/arm-none-eabi/12.1.0/../../../../arm-none-eabi/lib/thumb/libsysbase.a(write.o)
 .comment       0x0000000000000046       0x24 /opt/devkitpro/devkitARM/bin/../lib/gcc/arm-none-eabi/12.1.0/../../../../arm-none-eabi/lib/thumb/libsysbase.a(malloc_vars.o)
 .comment       0x0000000000000046       0x24 /opt/devkitpro/devkitARM/bin/../lib/gcc/arm-none-eabi/12.1.0/../../../../arm-none-eabi/lib/thumb/libsysbase.a(build_argv.o)
 .comment       0x0000000000000046       0x24 /opt/devkitpro/devkitARM/bin/../lib/gcc/arm-none-eabi/12.1.0/../../../../arm-none-eabi/lib/thumb/libsysbase.a(flock.o)
 .comment       0x0000000000000046       0x24 /opt/devkitpro/devkitARM/bin/../lib/gcc/arm-none-eabi/12.1.0/../../../../arm-none-eabi/lib/thumb/libsysbase.a(handle_manager.o)
 .comment       0x0000000000000046       0x24 /opt/devkitpro/devkitARM/bin/../lib/gcc/arm-none-eabi/12.1.0/../../../../arm-none-eabi/lib/thumb/libsysbase.a(getreent.o)
 .comment       0x0000000000000046       0x24 /opt/devkitpro/devkitARM/bin/../lib/gcc/arm-none-eabi/12.1.0/../../../../arm-none-eabi/lib/thumb/libsysbase.a(syscall_support.o)
 .comment       0x0000000000000046       0x24 /opt/devkitpro/devkitARM/bin/../lib/gcc/arm-none-eabi/12.1.0/thumb/libgcc.a(_muldi3.o)
 .comment       0x0000000000000046       0x24 /opt/devkitpro/devkitARM/bin/../lib/gcc/arm-none-eabi/12.1.0/thumb/libgcc.a(_udivmoddi4.o)
 .comment       0x0000000000000046       0x24 /opt/devkitpro/devkitARM/bin/../lib/gcc/arm-none-eabi/12.1.0/thumb/crtend.o

.ARM.attributes
                0x0000000000000000       0x2d
 .ARM.attributes
                0x0000000000000000       0x21 /opt/devkitpro/devkitARM/bin/../lib/gcc/arm-none-eabi/12.1.0/../../../../arm-none-eabi/lib/thumb/ds_arm9_crt0.o
 .ARM.attributes
                0x0000000000000021       0x1c /opt/devkitpro/devkitARM/bin/../lib/gcc/arm-none-eabi/12.1.0/thumb/crti.o
 .ARM.attributes
                0x000000000000003d       0x2a /opt/devkitpro/devkitARM/bin/../lib/gcc/arm-none-eabi/12.1.0/thumb/crtbegin.o
 .ARM.attributes
                0x0000000000000067       0x1a Juego.o
 .ARM.attributes
                0x0000000000000081       0x1a Defeat.o
 .ARM.attributes
                0x000000000000009b       0x1a Menu.o
 .ARM.attributes
                0x00000000000000b5       0x1a Help1.o
 .ARM.attributes
                0x00000000000000cf       0x1a Pause.o
 .ARM.attributes
                0x00000000000000e9       0x1a PuertaAbierta.o
 .ARM.attributes
                0x0000000000000103       0x1a Puerta.o
 .ARM.attributes
                0x000000000000011d       0x1a Victory.o
 .ARM.attributes
                0x0000000000000137       0x1a Help2.o
 .ARM.attributes
                0x0000000000000151       0x1a Info.o
 .ARM.attributes
                0x000000000000016b       0x1a Seleccion.o
 .ARM.attributes
                0x0000000000000185       0x1a Fueratiempo.o
 .ARM.attributes
                0x000000000000019f       0x1a Parada.o
 .ARM.attributes
                0x00000000000001b9       0x1a Gol.o
 .ARM.attributes
                0x00000000000001d3       0x1a Help3.o
 .ARM.attributes
                0x00000000000001ed       0x1a intro2.o
 .ARM.attributes
                0x0000000000000207       0x27 main.o
 .ARM.attributes
                0x000000000000022e       0x27 graficos.o
 .ARM.attributes
                0x0000000000000255       0x27 sprites.o
 .ARM.attributes
                0x000000000000027c       0x27 perifericos.o
 .ARM.attributes
                0x00000000000002a3       0x27 juego.o
 .ARM.attributes
                0x00000000000002ca       0x27 rutinasAtencion.o
 .ARM.attributes
                0x00000000000002f1       0x27 fondos.o
 .ARM.attributes
                0x0000000000000318       0x2b /opt/devkitpro/libnds/lib/libnds9.a(video.o)
 .ARM.attributes
                0x0000000000000343       0x2b /opt/devkitpro/libnds/lib/libnds9.a(touch.o)
 .ARM.attributes
                0x000000000000036e       0x2b /opt/devkitpro/libnds/lib/libnds9.a(sprite_alloc.o)
 .ARM.attributes
                0x0000000000000399       0x2b /opt/devkitpro/libnds/lib/libnds9.a(system.o)
 .ARM.attributes
                0x00000000000003c4       0x2b /opt/devkitpro/libnds/lib/libnds9.a(console.o)
 .ARM.attributes
                0x00000000000003ef       0x2b /opt/devkitpro/libnds/lib/libnds9.a(sprite.o)
 .ARM.attributes
                0x000000000000041a       0x2b /opt/devkitpro/libnds/lib/libnds9.a(initSystem.o)
 .ARM.attributes
                0x0000000000000445       0x2b /opt/devkitpro/libnds/lib/libnds9.a(securearea.o)
 .ARM.attributes
                0x0000000000000470       0x2b /opt/devkitpro/libnds/lib/libnds9.a(interrupts.o)
 .ARM.attributes
                0x000000000000049b       0x2b /opt/devkitpro/libnds/lib/libnds9.a(libnds_exit.arm.o)
 .ARM.attributes
                0x00000000000004c6       0x2b /opt/devkitpro/libnds/lib/libnds9.a(fifosystem.o)
 .ARM.attributes
                0x00000000000004f1       0x1b /opt/devkitpro/libnds/lib/libnds9.a(dcache.o)
 .ARM.attributes
                0x000000000000050c       0x21 /opt/devkitpro/libnds/lib/libnds9.a(mpu_setup.o)
 .ARM.attributes
                0x000000000000052d       0x21 /opt/devkitpro/libnds/lib/libnds9.a(IntrWait.o)
 .ARM.attributes
                0x000000000000054e       0x21 /opt/devkitpro/libnds/lib/libnds9.a(cpu_clock.o)
 .ARM.attributes
                0x000000000000056f       0x1b /opt/devkitpro/libnds/lib/libnds9.a(interruptDispatcher.o)
 .ARM.attributes
                0x000000000000058a       0x1b /opt/devkitpro/libnds/lib/libnds9.a(biosCalls.o)
 .ARM.attributes
                0x00000000000005a5       0x21 /opt/devkitpro/libnds/lib/libnds9.a(swiSoftReset.o)
 .ARM.attributes
                0x00000000000005c6       0x14 /opt/devkitpro/libnds/lib/libnds9.a(default_font.bin.o)
 .ARM.attributes
                0x00000000000005da       0x2b /opt/devkitpro/libnds/lib/libnds9.a(background.o)
 .ARM.attributes
                0x0000000000000605       0x2b /opt/devkitpro/libnds/lib/libnds9.a(trig.o)
 .ARM.attributes
                0x0000000000000630       0x1c /opt/devkitpro/devkitARM/bin/../lib/gcc/arm-none-eabi/12.1.0/thumb/libgcc.a(_divsi3.o)
 .ARM.attributes
                0x000000000000064c       0x1c /opt/devkitpro/devkitARM/bin/../lib/gcc/arm-none-eabi/12.1.0/thumb/libgcc.a(_dvmd_tls.o)
 .ARM.attributes
                0x0000000000000668       0x2a /opt/devkitpro/devkitARM/bin/../lib/gcc/arm-none-eabi/12.1.0/../../../../arm-none-eabi/lib/thumb/libg.a(lib_a-init.o)
 .ARM.attributes
                0x0000000000000692       0x2a /opt/devkitpro/devkitARM/bin/../lib/gcc/arm-none-eabi/12.1.0/../../../../arm-none-eabi/lib/thumb/libg.a(lib_a-iprintf.o)
 .ARM.attributes
                0x00000000000006bc       0x2a /opt/devkitpro/devkitARM/bin/../lib/gcc/arm-none-eabi/12.1.0/../../../../arm-none-eabi/lib/thumb/libg.a(lib_a-malloc.o)
 .ARM.attributes
                0x00000000000006e6       0x2a /opt/devkitpro/devkitARM/bin/../lib/gcc/arm-none-eabi/12.1.0/../../../../arm-none-eabi/lib/thumb/libg.a(lib_a-mallocr.o)
 .ARM.attributes
                0x0000000000000710       0x2a /opt/devkitpro/devkitARM/bin/../lib/gcc/arm-none-eabi/12.1.0/../../../../arm-none-eabi/lib/thumb/libg.a(lib_a-memcpy-stub.o)
 .ARM.attributes
                0x000000000000073a       0x2a /opt/devkitpro/devkitARM/bin/../lib/gcc/arm-none-eabi/12.1.0/../../../../arm-none-eabi/lib/thumb/libg.a(lib_a-memset.o)
 .ARM.attributes
                0x0000000000000764       0x2a /opt/devkitpro/devkitARM/bin/../lib/gcc/arm-none-eabi/12.1.0/../../../../arm-none-eabi/lib/thumb/libg.a(lib_a-mlock.o)
 .ARM.attributes
                0x000000000000078e       0x2a /opt/devkitpro/devkitARM/bin/../lib/gcc/arm-none-eabi/12.1.0/../../../../arm-none-eabi/lib/thumb/libg.a(lib_a-rand.o)
 .ARM.attributes
                0x00000000000007b8       0x2a /opt/devkitpro/devkitARM/bin/../lib/gcc/arm-none-eabi/12.1.0/../../../../arm-none-eabi/lib/thumb/libg.a(lib_a-realloc.o)
 .ARM.attributes
                0x00000000000007e2       0x2a /opt/devkitpro/devkitARM/bin/../lib/gcc/arm-none-eabi/12.1.0/../../../../arm-none-eabi/lib/thumb/libg.a(lib_a-reallocr.o)
 .ARM.attributes
                0x000000000000080c       0x2a /opt/devkitpro/devkitARM/bin/../lib/gcc/arm-none-eabi/12.1.0/../../../../arm-none-eabi/lib/thumb/libg.a(lib_a-setvbuf.o)
 .ARM.attributes
                0x0000000000000836       0x2a /opt/devkitpro/devkitARM/bin/../lib/gcc/arm-none-eabi/12.1.0/../../../../arm-none-eabi/lib/thumb/libg.a(lib_a-siscanf.o)
 .ARM.attributes